<html>
<body>
<pre>
<h1>µVision Build Log</h1>
<h2>Tool Versions:</h2>
IDE-Version: ¶ÃVision V5.25.3.0
Copyright (C) 2018 ARM Ltd and ARM Germany GmbH. All rights reserved.
License Information: wang RUI, 2, LIC=AK1Y8-3TM86-WIS5K-ZG1UT-C6LJZ-28QWB
 
Tool Versions:
Toolchain:       MDK-ARM Professional  Version: 5.18
Toolchain Path:  D:\Keil5 MDK\ARM\ARMCC\Bin
C Compiler:      Armcc.exe V5.06 update 1 (build 61)
Assembler:       Armasm.exe V5.06 update 1 (build 61)
Linker/Locator:  ArmLink.exe V5.06 update 1 (build 61)
Library Manager: ArmAr.exe V5.06 update 1 (build 61)
Hex Converter:   FromElf.exe V5.06 update 1 (build 61)
CPU DLL:         SARMCM3.DLL V5.18
Dialog DLL:      DCM.DLL V1.13.6.0
Target DLL:      STLink\ST-LINKIII-KEIL_SWO.dll V2.0.18.0
Dialog DLL:      TCM.DLL V1.14.8.0
 
<h2>Project:</h2>
F:\STM32\Õ≈∂”±œ…Ë\Control34\USER\Template.uvprojx
Project File Date:  05/14/2020

<h2>Output:</h2>
*** Using Compiler 'V5.06 update 1 (build 61)', folder: 'D:\Keil5 MDK\ARM\ARMCC\Bin'
Build target 'Template'
compiling led.c...
compiling height.c...
compiling main.c...
main.c(256): warning:  #550-D: variable "rs485" was set but never used
      u8 rs485[3];
main.c(397): warning:  #177-D: variable "command" was declared but never referenced
  	u8 command;
main.c(435): warning:  #550-D: variable "rs" was set but never used
  	u8 rs[1];
main.c: 3 warnings, 0 errors
compiling adc.c...
compiling rs485.c...
compiling motor2.c...
..\HARDWARE\Motor2\motor2.c(294): warning:  #550-D: variable "last_accel_delay" was set but never used
      static int last_accel_delay;
..\HARDWARE\Motor2\motor2.c: 1 warning, 0 errors
linking...
Program Size: Code=27070 RO-data=826 RW-data=276 ZI-data=9524  
FromELF: creating hex file...
"..\OBJ\Template.axf" - 0 Error(s), 4 Warning(s).

<h2>Software Packages used:</h2>

Package Vendor: Keil
                http://www.keil.com/pack/Keil.STM32F4xx_DFP.1.0.8.pack
                Keil.STM32F4xx_DFP.1.0.8
                STMicroelectronics STM32F4 Series Device Support, Drivers and Examples

<h2>Collection of Component include folders:</h2>
  .\RTE\_Template
  D:\Keil5 MDK\ARM\PACK\Keil\STM32F4xx_DFP\1.0.8\Device\Include

<h2>Collection of Component Files used:</h2>
Build Time Elapsed:  00:00:08
</pre>
</body>
</html>
