Component: ARM Compiler 5.06 update 1 (build 61) Tool: armlink [4d35a8]

==============================================================================

Section Cross References

    main.o(.text) refers to usart.o(.text) for uart_init
    main.o(.text) refers to delay.o(.text) for delay_init
    main.o(.text) refers to rs485.o(.text) for RS485_Init
    main.o(.text) refers to height.o(.text) for Encoder_Timer3_Init
    main.o(.text) refers to led.o(.text) for LED_Init
    main.o(.text) refers to motor1.o(.text) for TIM1_OPM_RCR_Init
    main.o(.text) refers to motor2.o(.text) for TIM8_OPM_RCR_Init
    main.o(.text) refers to adc.o(.text) for Adc_Init
    main.o(.text) refers to dflt_clz.o(x$fpl$dflt) for __aeabi_i2d
    main.o(.text) refers to dmul.o(x$fpl$dmul) for __aeabi_dmul
    main.o(.text) refers to dfix.o(x$fpl$dfix) for __aeabi_d2iz
    main.o(.text) refers to dflt_clz.o(x$fpl$dfltu) for __aeabi_ui2d
    main.o(.text) refers to os_q.o(.text) for OSQPost
    main.o(.text) refers to stm32f4xx_tim.o(.text) for TIM_Cmd
    main.o(.text) refers to os_mbox.o(.text) for OSMboxPend
    main.o(.text) refers to f2d.o(x$fpl$f2d) for __aeabi_f2d
    main.o(.text) refers to d2f.o(x$fpl$d2f) for __aeabi_d2f
    main.o(.text) refers to main.o(.data) for q_msg_up
    main.o(.text) refers to stm32f4xx_gpio.o(.text) for GPIO_SetBits
    main.o(.text) refers to os_sem.o(.text) for OSSemCreate
    main.o(.text) refers to os_core.o(.text) for OSStatInit
    main.o(.text) refers to os_cpu_a.o(.text) for OS_CPU_SR_Save
    main.o(.text) refers to os_task.o(.text) for OSTaskCreate
    main.o(.text) refers to misc.o(.text) for NVIC_PriorityGroupConfig
    main.o(.text) refers to main.o(.bss) for MsgGrp_ADC
    system_stm32f4xx.o(.text) refers to system_stm32f4xx.o(.data) for SystemCoreClock
    startup_stm32f40_41xxx.o(STACK) refers (Special) to heapauxi.o(.text) for __use_two_region_memory
    startup_stm32f40_41xxx.o(HEAP) refers (Special) to heapauxi.o(.text) for __use_two_region_memory
    startup_stm32f40_41xxx.o(RESET) refers (Special) to heapauxi.o(.text) for __use_two_region_memory
    startup_stm32f40_41xxx.o(RESET) refers to startup_stm32f40_41xxx.o(STACK) for __initial_sp
    startup_stm32f40_41xxx.o(RESET) refers to startup_stm32f40_41xxx.o(.text) for Reset_Handler
    startup_stm32f40_41xxx.o(RESET) refers to stm32f4xx_it.o(.text) for NMI_Handler
    startup_stm32f40_41xxx.o(RESET) refers to os_cpu_a.o(.text) for PendSV_Handler
    startup_stm32f40_41xxx.o(RESET) refers to delay.o(.text) for SysTick_Handler
    startup_stm32f40_41xxx.o(RESET) refers to motor1.o(.text) for TIM1_UP_TIM10_IRQHandler
    startup_stm32f40_41xxx.o(RESET) refers to usart.o(.text) for USART1_IRQHandler
    startup_stm32f40_41xxx.o(RESET) refers to rs485.o(.text) for USART2_IRQHandler
    startup_stm32f40_41xxx.o(RESET) refers to motor2.o(.text) for TIM8_UP_TIM13_IRQHandler
    startup_stm32f40_41xxx.o(.text) refers (Special) to heapauxi.o(.text) for __use_two_region_memory
    startup_stm32f40_41xxx.o(.text) refers to system_stm32f4xx.o(.text) for SystemInit
    startup_stm32f40_41xxx.o(.text) refers to __main.o(!!!main) for __main
    startup_stm32f40_41xxx.o(.text) refers to startup_stm32f40_41xxx.o(HEAP) for Heap_Mem
    startup_stm32f40_41xxx.o(.text) refers to startup_stm32f40_41xxx.o(STACK) for Stack_Mem
    stm32f4xx_adc.o(.text) refers to stm32f4xx_rcc.o(.text) for RCC_APB2PeriphResetCmd
    stm32f4xx_can.o(.text) refers to stm32f4xx_rcc.o(.text) for RCC_APB1PeriphResetCmd
    stm32f4xx_cryp.o(.text) refers to stm32f4xx_rcc.o(.text) for RCC_AHB2PeriphResetCmd
    stm32f4xx_cryp_aes.o(.text) refers to stm32f4xx_cryp.o(.text) for CRYP_KeyStructInit
    stm32f4xx_cryp_des.o(.text) refers to stm32f4xx_cryp.o(.text) for CRYP_KeyStructInit
    stm32f4xx_cryp_tdes.o(.text) refers to stm32f4xx_cryp.o(.text) for CRYP_KeyStructInit
    stm32f4xx_dac.o(.text) refers to stm32f4xx_rcc.o(.text) for RCC_APB1PeriphResetCmd
    stm32f4xx_dma2d.o(.text) refers to stm32f4xx_rcc.o(.text) for RCC_AHB1PeriphResetCmd
    stm32f4xx_fsmc.o(.text) refers to stm32f4xx_fsmc.o(.constdata) for FSMC_DefaultTimingStruct
    stm32f4xx_gpio.o(.text) refers to stm32f4xx_rcc.o(.text) for RCC_AHB1PeriphResetCmd
    stm32f4xx_hash.o(.text) refers to stm32f4xx_rcc.o(.text) for RCC_AHB2PeriphResetCmd
    stm32f4xx_hash_md5.o(.text) refers to stm32f4xx_hash.o(.text) for HASH_DeInit
    stm32f4xx_hash_sha1.o(.text) refers to stm32f4xx_hash.o(.text) for HASH_DeInit
    stm32f4xx_i2c.o(.text) refers to stm32f4xx_rcc.o(.text) for RCC_APB1PeriphResetCmd
    stm32f4xx_ltdc.o(.text) refers to stm32f4xx_rcc.o(.text) for RCC_APB2PeriphResetCmd
    stm32f4xx_pwr.o(.text) refers to stm32f4xx_rcc.o(.text) for RCC_APB1PeriphResetCmd
    stm32f4xx_rcc.o(.text) refers to stm32f4xx_rcc.o(.data) for APBAHBPrescTable
    stm32f4xx_rng.o(.text) refers to stm32f4xx_rcc.o(.text) for RCC_AHB2PeriphResetCmd
[...]
    .text                                    0x08003c54   Section        0  os_core.o(.text)
    OS_InitTaskStat                          0x08003cff   Thumb Code    52  os_core.o(.text)
    OS_InitTaskIdle                          0x08003d55   Thumb Code    52  os_core.o(.text)
    OS_InitEventList                         0x08003d9b   Thumb Code    74  os_core.o(.text)
    OS_InitTCBList                           0x08003de5   Thumb Code   106  os_core.o(.text)
    OS_InitRdyList                           0x08003e4f   Thumb Code    44  os_core.o(.text)
    OS_InitMisc                              0x08003e7b   Thumb Code    44  os_core.o(.text)
    OS_SchedNew                              0x08003eef   Thumb Code    26  os_core.o(.text)
    .text                                    0x080044e4   Section        0  os_flag.o(.text)
    OS_FlagTaskRdy                           0x0800465b   Thumb Code    82  os_flag.o(.text)
    OS_FlagBlock                             0x08004815   Thumb Code   152  os_flag.o(.text)
    .text                                    0x08004cf0   Section        0  os_mbox.o(.text)
    .text                                    0x080050bc   Section        0  os_q.o(.text)
    .text                                    0x080056a4   Section        0  os_sem.o(.text)
    .text                                    0x08005a30   Section        0  os_task.o(.text)
    .text                                    0x080061f4   Section        0  os_time.o(.text)
    .text                                    0x080063a4   Section        0  os_cpu_c.o(.text)
    .text                                    0x08006568   Section      200  os_cpu_a.o(.text)
    $v0                                      0x08006568   Number         0  os_cpu_a.o(.text)
    .text                                    0x08006630   Section        2  use_no_semi_2.o(.text)
    .text                                    0x08006634   Section        0  noretval__2printf.o(.text)
    .text                                    0x0800664c   Section        0  heapauxi.o(.text)
    .text                                    0x08006652   Section        2  use_no_semi.o(.text)
    .text                                    0x08006654   Section        0  _printf_char_file.o(.text)
    .text                                    0x08006678   Section        0  _printf_char_common.o(.text)
    _printf_input_char                       0x08006679   Thumb Code    10  _printf_char_common.o(.text)
    .text                                    0x080066a8   Section        0  ferror.o(.text)
    .text                                    0x080066b0   Section       74  sys_stackheap_outer.o(.text)
    .text                                    0x080066fa   Section        0  __printf_nopercent.o(.text)
    .text                                    0x08006722   Section        0  exit.o(.text)
    .text                                    0x08006734   Section        8  libspace.o(.text)
    x$fpl$d2f                                0x0800673c   Section       98  d2f.o(x$fpl$d2f)
    $v0                                      0x0800673c   Number         0  d2f.o(x$fpl$d2f)
    x$fpl$dfix                               0x080067a0   Section       94  dfix.o(x$fpl$dfix)
    $v0                                      0x080067a0   Number         0  dfix.o(x$fpl$dfix)
    x$fpl$dflt                               0x080067fe   Section       46  dflt_clz.o(x$fpl$dflt)
    $v0                                      0x080067fe   Number         0  dflt_clz.o(x$fpl$dflt)
    x$fpl$dfltu                              0x0800682c   Section       38  dflt_clz.o(x$fpl$dfltu)
    $v0                                      0x0800682c   Number         0  dflt_clz.o(x$fpl$dfltu)
    x$fpl$dmul                               0x08006854   Section      340  dmul.o(x$fpl$dmul)
    $v0                                      0x08006854   Number         0  dmul.o(x$fpl$dmul)
    x$fpl$dnaninf                            0x080069a8   Section      156  dnaninf.o(x$fpl$dnaninf)
    $v0                                      0x080069a8   Number         0  dnaninf.o(x$fpl$dnaninf)
    x$fpl$dretinf                            0x08006a44   Section       12  dretinf.o(x$fpl$dretinf)
    $v0                                      0x08006a44   Number         0  dretinf.o(x$fpl$dretinf)
    x$fpl$f2d                                0x08006a50   Section       86  f2d.o(x$fpl$f2d)
    $v0                                      0x08006a50   Number         0  f2d.o(x$fpl$f2d)
    x$fpl$fnaninf                            0x08006aa6   Section      140  fnaninf.o(x$fpl$fnaninf)
    $v0                                      0x08006aa6   Number         0  fnaninf.o(x$fpl$fnaninf)
    x$fpl$fpinit                             0x08006b32   Section       10  fpinit.o(x$fpl$fpinit)
    $v0                                      0x08006b32   Number         0  fpinit.o(x$fpl$fpinit)
    x$fpl$fretinf                            0x08006b3c   Section       10  fretinf.o(x$fpl$fretinf)
    $v0                                      0x08006b3c   Number         0  fretinf.o(x$fpl$fretinf)
    .constdata                               0x08006b46   Section      256  os_core.o(.constdata)
    x$fpl$usenofp                            0x08006b46   Section        0  usenofp.o(x$fpl$usenofp)
    .conststring                             0x08006c48   Section      143  motor2.o(.conststring)
    .data                                    0x20000000   Section       88  main.o(.data)
    a1                                       0x20000000   Data           4  main.o(.data)
    d1                                       0x20000004   Data           4  main.o(.data)
    a                                        0x20000008   Data           4  main.o(.data)
    d                                        0x2000000c   Data           4  main.o(.data)
    .data                                    0x20000058   Section       20  system_stm32f4xx.o(.data)
    .data                                    0x2000006c   Section       16  stm32f4xx_rcc.o(.data)
    APBAHBPrescTable                         0x2000006c   Data          16  stm32f4xx_rcc.o(.data)
    .data                                    0x2000007c   Section        4  delay.o(.data)
    fac_us                                   0x2000007c   Data           1  delay.o(.data)
    fac_ms                                   0x2000007e   Data           2  delay.o(.data)
    .data                                    0x20000080   Section        6  usart.o(.data)
    .data                                    0x20000086   Section        1  rs485.o(.data)
    .data                                    0x20000088   Section       44  motor2.o(.data)
    a                                        0x200000a4   Data           4  motor2.o(.data)
    d                                        0x200000a8   Data           4  motor2.o(.data)
    last_accel_delay                         0x200000ac   Data           4  motor2.o(.data)
    step_count                               0x200000b0   Data           4  motor2.o(.data)
    .data                                    0x200000b4   Section       24  motor1.o(.data)
    a1                                       0x200000bc   Data           4  motor1.o(.data)
    d1                                       0x200000c0   Data           4  motor1.o(.data)
    last_accel_delay                         0x200000c4   Data           4  motor1.o(.data)
    step_count                               0x200000c8   Data           4  motor1.o(.data)
    .data                                    0x200000cc   Section       72  os_core.o(.data)
    .bss                                     0x20000114   Section     4880  main.o(.bss)
    .bss                                     0x20001424   Section      200  usart.o(.bss)
    .bss                                     0x200014ec   Section       64  rs485.o(.bss)
    .bss                                     0x2000152c   Section       28  motor2.o(.bss)
    .bss                                     0x20001548   Section       28  motor1.o(.bss)
    .bss                                     0x20001564   Section     2688  os_core.o(.bss)
    .bss                                     0x20001fe4   Section       96  libspace.o(.bss)
    HEAP                                     0x20002048   Section      512  startup_stm32f40_41xxx.o(HEAP)
    Heap_Mem                                 0x20002048   Data         512  startup_stm32f40_41xxx.o(HEAP)
    STACK                                    0x20002248   Section     1024  startup_stm32f40_41xxx.o(STACK)
    Stack_Mem                                0x20002248   Data        1024  startup_stm32f40_41xxx.o(STACK)
    __initial_sp                             0x20002648   Data           0  startup_stm32f40_41xxx.o(STACK)

    Global Symbols

    Symbol Name                              Value     Ov Type        Size  Object(Section)

    BuildAttributes$$THM_ISAv4$E$P$D$K$B$S$7EM$VFPi3$EXTD16$VFPS$VFMA$PE$A:L22UL41UL21$X:L11$S22US41US21$IEEE1$IW$USESV6$~STKCKD$USESV7$~SHL$OSPACE$ROPI$EBA8$UX$STANDARDLIB$REQ8$PRES8$EABIv2 0x00000000   Number         0  anon$$obj.o ABSOLUTE
    __ARM_use_no_argv                        0x00000000   Number         0  main.o ABSOLUTE
    __ARM_exceptions_init                     - Undefined Weak Reference
    __alloca_initialize                       - Undefined Weak Reference
    __arm_preinit_                            - Undefined Weak Reference
    __cpp_initialize__aeabi_                  - Undefined Weak Reference
    __cxa_finalize                            - Undefined Weak Reference
    __rt_locale                               - Undefined Weak Reference
    __sigvec_lookup                           - Undefined Weak Reference
    _atexit_init                              - Undefined Weak Reference
    _call_atexit_fns                          - Undefined Weak Reference
    _clock_init                               - Undefined Weak Reference
    _fp_trap_init                             - Undefined Weak Reference
    _fp_trap_shutdown                         - Undefined Weak Reference
    _get_lc_collate                           - Undefined Weak Reference
    _get_lc_ctype                             - Undefined Weak Reference
    _get_lc_monetary                          - Undefined Weak Reference
    _get_lc_numeric                           - Undefined Weak Reference
    _get_lc_time                              - Undefined Weak Reference
    _getenv_init                              - Undefined Weak Reference
    _handle_redirection                       - Undefined Weak Reference
    _init_alloc                               - Undefined Weak Reference
    _init_user_alloc                          - Undefined Weak Reference
    _initio                                   - Undefined Weak Reference
    _mutex_acquire                            - Undefined Weak Reference
    _mutex_release                            - Undefined Weak Reference
    _rand_init                                - Undefined Weak Reference
    _signal_finish                            - Undefined Weak Reference
    _signal_init                              - Undefined Weak Reference
    _terminate_alloc                          - Undefined Weak Reference
    _terminate_user_alloc                     - Undefined Weak Reference
    _terminateio                              - Undefined Weak Reference
    __Vectors_Size                           0x00000188   Number         0  startup_stm32f40_41xxx.o ABSOLUTE
    __Vectors                                0x08000000   Data           4  startup_stm32f40_41xxx.o(RESET)
    __Vectors_End                            0x08000188   Data           0  startup_stm32f40_41xxx.o(RESET)
    __main                                   0x08000189   Thumb Code     8  __main.o(!!!main)
    __scatterload                            0x08000191   Thumb Code     0  __scatter.o(!!!scatter)
    __scatterload_rt2                        0x08000191   Thumb Code    44  __scatter.o(!!!scatter)
    __scatterload_rt2_thumb_only             0x08000191   Thumb Code     0  __scatter.o(!!!scatter)
    __scatterload_null                       0x0800019f   Thumb Code     0  __scatter.o(!!!scatter)
    __scatterload_copy                       0x080001c5   Thumb Code    26  __scatter_copy.o(!!handler_copy)
    __scatterload_zeroinit                   0x080001e1   Thumb Code    28  __scatter_zi.o(!!handler_zi)
    __rt_lib_init                            0x080001fd   Thumb Code     0  libinit.o(.ARM.Collect$$libinit$$00000000)
    __rt_lib_init_fp_1                       0x080001ff   Thumb Code     0  libinit2.o(.ARM.Collect$$libinit$$00000001)
    __rt_lib_init_alloca_1                   0x08000203   Thumb Code     0  libinit2.o(.ARM.Collect$$libinit$$0000002E)
    __rt_lib_init_argv_1                     0x08000203   Thumb Code     0  libinit2.o(.ARM.Collect$$libinit$$0000002C)
    __rt_lib_init_atexit_1                   0x08000203   Thumb Code     0  libinit2.o(.ARM.Collect$$libinit$$0000001B)
    __rt_lib_init_clock_1                    0x08000203   Thumb Code     0  libinit2.o(.ARM.Collect$$libinit$$00000021)
    __rt_lib_init_cpp_1                      0x08000203   Thumb Code     0  libinit2.o(.ARM.Collect$$libinit$$00000032)
    __rt_lib_init_exceptions_1               0x08000203   Thumb Code     0  libinit2.o(.ARM.Collect$$libinit$$00000030)
    __rt_lib_init_fp_trap_1                  0x08000203   Thumb Code     0  libinit2.o(.ARM.Collect$$libinit$$0000001F)
    __rt_lib_init_getenv_1                   0x08000203   Thumb Code     0  libinit2.o(.ARM.Collect$$libinit$$00000023)
    __rt_lib_init_heap_1                     0x08000203   Thumb Code     0  libinit2.o(.ARM.Collect$$libinit$$0000000A)
    __rt_lib_init_lc_collate_1               0x08000203   Thumb Code     0  libinit2.o(.ARM.Collect$$libinit$$00000011)
    __rt_lib_init_lc_ctype_1                 0x08000203   Thumb Code     0  libinit2.o(.ARM.Collect$$libinit$$00000013)
    __rt_lib_init_lc_monetary_1              0x08000203   Thumb Code     0  libinit2.o(.ARM.Collect$$libinit$$00000015)
    __rt_lib_init_lc_numeric_1               0x08000203   Thumb Code     0  libinit2.o(.ARM.Collect$$libinit$$00000017)
    __rt_lib_init_lc_time_1                  0x08000203   Thumb Code     0  libinit2.o(.ARM.Collect$$libinit$$00000019)
    __rt_lib_init_preinit_1                  0x08000203   Thumb Code     0  libinit2.o(.ARM.Collect$$libinit$$00000004)
    __rt_lib_init_rand_1                     0x08000203   Thumb Code     0  libinit2.o(.ARM.Collect$$libinit$$0000000E)
    __rt_lib_init_return                     0x08000203   Thumb Code     0  libinit2.o(.ARM.Collect$$libinit$$00000033)
    __rt_lib_init_signal_1                   0x08000203   Thumb Code     0  libinit2.o(.ARM.Collect$$libinit$$0000001D)
    __rt_lib_init_stdio_1                    0x08000203   Thumb Code     0  libinit2.o(.ARM.Collect$$libinit$$00000025)
    __rt_lib_init_user_alloc_1               0x08000203   Thumb Code     0  libinit2.o(.ARM.Collect$$libinit$$0000000C)
    __rt_lib_shutdown                        0x08000205   Thumb Code     0  libshutdown.o(.ARM.Collect$$libshutdown$$00000000)
    __rt_lib_shutdown_cpp_1                  0x08000207   Thumb Code     0  libshutdown2.o(.ARM.Collect$$libshutdown$$00000002)
    __rt_lib_shutdown_fp_trap_1              0x08000207   Thumb Code     0  libshutdown2.o(.ARM.Collect$$libshutdown$$00000007)
    __rt_lib_shutdown_heap_1                 0x08000207   Thumb Code     0  libshutdown2.o(.ARM.Collect$$libshutdown$$0000000F)
    __rt_lib_shutdown_return                 0x08000207   Thumb Code     0  libshutdown2.o(.ARM.Collect$$libshutdown$$00000010)
    __rt_lib_shutdown_signal_1               0x08000207   Thumb Code     0  libshutdown2.o(.ARM.Collect$$libshutdown$$0000000A)
    __rt_lib_shutdown_stdio_1                0x08000207   Thumb Code     0  libshutdown2.o(.ARM.Collect$$libshutdown$$00000004)
    __rt_lib_shutdown_user_alloc_1           0x08000207   Thumb Code     0  libshutdown2.o(.ARM.Collect$$libshutdown$$0000000C)
    __rt_entry                               0x08000209   Thumb Code     0  __rtentry.o(.ARM.Collect$$rtentry$$00000000)
    __rt_entry_presh_1                       0x08000209   Thumb Code     0  __rtentry2.o(.ARM.Collect$$rtentry$$00000002)
    __rt_entry_sh                            0x08000209   Thumb Code     0  __rtentry4.o(.ARM.Collect$$rtentry$$00000004)
    __rt_entry_li                            0x0800020f   Thumb Code     0  __rtentry2.o(.ARM.Collect$$rtentry$$0000000A)
    __rt_entry_postsh_1                      0x0800020f   Thumb Code     0  __rtentry2.o(.ARM.Collect$$rtentry$$00000009)
    __rt_entry_main                          0x08000213   Thumb Code     0  __rtentry2.o(.ARM.Collect$$rtentry$$0000000D)
    __rt_entry_postli_1                      0x08000213   Thumb Code     0  __rtentry2.o(.ARM.Collect$$rtentry$$0000000C)
    __rt_exit                                0x0800021b   Thumb Code     0  rtexit.o(.ARM.Collect$$rtexit$$00000000)
    __rt_exit_ls                             0x0800021d   Thumb Code     0  rtexit2.o(.ARM.Collect$$rtexit$$00000003)
    __rt_exit_prels_1                        0x0800021d   Thumb Code     0  rtexit2.o(.ARM.Collect$$rtexit$$00000002)
    __rt_exit_exit                           0x08000221   Thumb Code     0  rtexit2.o(.ARM.Collect$$rtexit$$00000004)
    system_init                              0x08000229   Thumb Code    66  main.o(.text)
    usart_task                               0x0800026b   Thumb Code   608  main.o(.text)
    main_task                                0x080004cb   Thumb Code   120  main.o(.text)
    height_task                              0x08000543   Thumb Code    38  main.o(.text)
    pressure_task                            0x08000569   Thumb Code   266  main.o(.text)
    position_task                            0x08000673   Thumb Code    10  main.o(.text)
    down_task                                0x0800067d   Thumb Code    68  main.o(.text)
    up_task                                  0x080006c1   Thumb Code   164  main.o(.text)
    back_task                                0x08000765   Thumb Code    64  main.o(.text)
    forward_task                             0x080007a5   Thumb Code    70  main.o(.text)
    start_task                               0x080007eb   Thumb Code   268  main.o(.text)
    main                                     0x080008f7   Thumb Code    40  main.o(.text)
    NMI_Handler                              0x0800098d   Thumb Code     2  stm32f4xx_it.o(.text)
    HardFault_Handler                        0x0800098f   Thumb Code     4  stm32f4xx_it.o(.text)
    MemManage_Handler                        0x08000993   Thumb Code     4  stm32f4xx_it.o(.text)
    BusFault_Handler                         0x08000997   Thumb Code     4  stm32f4xx_it.o(.text)
    UsageFault_Handler                       0x0800099b   Thumb Code     4  stm32f4xx_it.o(.text)
    SVC_Handler                              0x0800099f   Thumb Code     2  stm32f4xx_it.o(.text)
    DebugMon_Handler                         0x080009a1   Thumb Code     2  stm32f4xx_it.o(.text)
    SystemInit                               0x08000a81   Thumb Code    88  system_stm32f4xx.o(.text)
    SystemCoreClockUpdate                    0x08000ad9   Thumb Code   174  system_stm32f4xx.o(.text)
    Reset_Handler                            0x08000bb5   Thumb Code     8  startup_stm32f40_41xxx.o(.text)
    ADC_IRQHandler                           0x08000bcf   Thumb Code     0  startup_stm32f40_41xxx.o(.text)
    CAN1_RX0_IRQHandler                      0x08000bcf   Thumb Code     0  startup_stm32f40_41xxx.o(.text)
    CAN1_RX1_IRQHandler                      0x08000bcf   Thumb Code     0  startup_stm32f40_41xxx.o(.text)
    CAN1_SCE_IRQHandler                      0x08000bcf   Thumb Code     0  startup_stm32f40_41xxx.o(.text)
    CAN1_TX_IRQHandler                       0x08000bcf   Thumb Code     0  startup_stm32f40_41xxx.o(.text)
    CAN2_RX0_IRQHandler                      0x08000bcf   Thumb Code     0  startup_stm32f40_41xxx.o(.text)
    CAN2_RX1_IRQHandler                      0x08000bcf   Thumb Code     0  startup_stm32f40_41xxx.o(.text)
    CAN2_SCE_IRQHandler                      0x08000bcf   Thumb Code     0  startup_stm32f40_41xxx.o(.text)
    CAN2_TX_IRQHandler                       0x08000bcf   Thumb Code     0  startup_stm32f40_41xxx.o(.text)
    CRYP_IRQHandler                          0x08000bcf   Thumb Code     0  startup_stm32f40_41xxx.o(.text)
    DCMI_IRQHandler                          0x08000bcf   Thumb Code     0  startup_stm32f40_41xxx.o(.text)
    DMA1_Stream0_IRQHandler                  0x08000bcf   Thumb Code     0  startup_stm32f40_41xxx.o(.text)
    DMA1_Stream1_IRQHandler                  0x08000bcf   Thumb Code     0  startup_stm32f40_41xxx.o(.text)
    DMA1_Stream2_IRQHandler                  0x08000bcf   Thumb Code     0  startup_stm32f40_41xxx.o(.text)
    DMA1_Stream3_IRQHandler                  0x08000bcf   Thumb Code     0  startup_stm32f40_41xxx.o(.text)
    DMA1_Stream4_IRQHandler                  0x08000bcf   Thumb Code     0  startup_stm32f40_41xxx.o(.text)
    DMA1_Stream5_IRQHandler                  0x08000bcf   Thumb Code     0  startup_stm32f40_41xxx.o(.text)
    DMA1_Stream6_IRQHandler                  0x08000bcf   Thumb Code     0  startup_stm32f40_41xxx.o(.text)
    DMA1_Stream7_IRQHandler                  0x08000bcf   Thumb Code     0  startup_stm32f40_41xxx.o(.text)
    DMA2_Stream0_IRQHandler                  0x08000bcf   Thumb Code     0  startup_stm32f40_41xxx.o(.text)
    DMA2_Stream1_IRQHandler                  0x08000bcf   Thumb Code     0  startup_stm32f40_41xxx.o(.text)
    DMA2_Stream2_IRQHandler                  0x08000bcf   Thumb Code     0  startup_stm32f40_41xxx.o(.text)
    DMA2_Stream3_IRQHandler                  0x08000bcf   Thumb Code     0  startup_stm32f40_41xxx.o(.text)
    DMA2_Stream4_IRQHandler                  0x08000bcf   Thumb Code     0  startup_stm32f40_41xxx.o(.text)
    DMA2_Stream5_IRQHandler                  0x08000bcf   Thumb Code     0  startup_stm32f40_41xxx.o(.text)
    DMA2_Stream6_IRQHandler                  0x08000bcf   Thumb Code     0  startup_stm32f40_41xxx.o(.text)
    DMA2_Stream7_IRQHandler                  0x08000bcf   Thumb Code     0  startup_stm32f40_41xxx.o(.text)
    ETH_IRQHandler                           0x08000bcf   Thumb Code     0  startup_stm32f40_41xxx.o(.text)
    ETH_WKUP_IRQHandler                      0x08000bcf   Thumb Code     0  startup_stm32f40_41xxx.o(.text)
    EXTI0_IRQHandler                         0x08000bcf   Thumb Code     0  startup_stm32f40_41xxx.o(.text)
    EXTI15_10_IRQHandler                     0x08000bcf   Thumb Code     0  startup_stm32f40_41xxx.o(.text)
    EXTI1_IRQHandler                         0x08000bcf   Thumb Code     0  startup_stm32f40_41xxx.o(.text)
    EXTI2_IRQHandler                         0x08000bcf   Thumb Code     0  startup_stm32f40_41xxx.o(.text)
    EXTI3_IRQHandler                         0x08000bcf   Thumb Code     0  startup_stm32f40_41xxx.o(.text)
    EXTI4_IRQHandler                         0x08000bcf   Thumb Code     0  startup_stm32f40_41xxx.o(.text)
    EXTI9_5_IRQHandler                       0x08000bcf   Thumb Code     0  startup_stm32f40_41xxx.o(.text)
    FLASH_IRQHandler                         0x08000bcf   Thumb Code     0  startup_stm32f40_41xxx.o(.text)
    FPU_IRQHandler                           0x08000bcf   Thumb Code     0  startup_stm32f40_41xxx.o(.text)
    FSMC_IRQHandler                          0x08000bcf   Thumb Code     0  startup_stm32f40_41xxx.o(.text)
    HASH_RNG_IRQHandler                      0x08000bcf   Thumb Code     0  startup_stm32f40_41xxx.o(.text)
    I2C1_ER_IRQHandler                       0x08000bcf   Thumb Code     0  startup_stm32f40_41xxx.o(.text)
    I2C1_EV_IRQHandler                       0x08000bcf   Thumb Code     0  startup_stm32f40_41xxx.o(.text)
    I2C2_ER_IRQHandler                       0x08000bcf   Thumb Code     0  startup_stm32f40_41xxx.o(.text)
    I2C2_EV_IRQHandler                       0x08000bcf   Thumb Code     0  startup_stm32f40_41xxx.o(.text)
    I2C3_ER_IRQHandler                       0x08000bcf   Thumb Code     0  startup_stm32f40_41xxx.o(.text)
    I2C3_EV_IRQHandler                       0x08000bcf   Thumb Code     0  startup_stm32f40_41xxx.o(.text)
    OTG_FS_IRQHandler                        0x08000bcf   Thumb Code     0  startup_stm32f40_41xxx.o(.text)
    OTG_FS_WKUP_IRQHandler                   0x08000bcf   Thumb Code     0  startup_stm32f40_41xxx.o(.text)
    OTG_HS_EP1_IN_IRQHandler                 0x08000bcf   Thumb Code     0  startup_stm32f40_41xxx.o(.text)
    OTG_HS_EP1_OUT_IRQHandler                0x08000bcf   Thumb Code     0  startup_stm32f40_41xxx.o(.text)
    OTG_HS_IRQHandler                        0x08000bcf   Thumb Code     0  startup_stm32f40_41xxx.o(.text)
    OTG_HS_WKUP_IRQHandler                   0x08000bcf   Thumb Code     0  startup_stm32f40_41xxx.o(.text)
    PVD_IRQHandler                           0x08000bcf   Thumb Code     0  startup_stm32f40_41xxx.o(.text)
    RCC_IRQHandler                           0x08000bcf   Thumb Code     0  startup_stm32f40_41xxx.o(.text)
    RTC_Alarm_IRQHandler                     0x08000bcf   Thumb Code     0  startup_stm32f40_41xxx.o(.text)
    RTC_WKUP_IRQHandler                      0x08000bcf   Thumb Code     0  startup_stm32f40_41xxx.o(.text)
    SDIO_IRQHandler                          0x08000bcf   Thumb Code     0  startup_stm32f40_41xxx.o(.text)
    SPI1_IRQHandler                          0x08000bcf   Thumb Code     0  startup_stm32f40_41xxx.o(.text)
    SPI2_IRQHandler                          0x08000bcf   Thumb Code     0  startup_stm32f40_41xxx.o(.text)
    SPI3_IRQHandler                          0x08000bcf   Thumb Code     0  startup_stm32f40_41xxx.o(.text)
    TAMP_STAMP_IRQHandler                    0x08000bcf   Thumb Code     0  startup_stm32f40_41xxx.o(.text)
    TIM1_BRK_TIM9_IRQHandler                 0x08000bcf   Thumb Code     0  startup_stm32f40_41xxx.o(.text)
    TIM1_CC_IRQHandler                       0x08000bcf   Thumb Code     0  startup_stm32f40_41xxx.o(.text)
    TIM1_TRG_COM_TIM11_IRQHandler            0x08000bcf   Thumb Code     0  startup_stm32f40_41xxx.o(.text)
    TIM2_IRQHandler                          0x08000bcf   Thumb Code     0  startup_stm32f40_41xxx.o(.text)
    TIM3_IRQHandler                          0x08000bcf   Thumb Code     0  startup_stm32f40_41xxx.o(.text)
    TIM4_IRQHandler                          0x08000bcf   Thumb Code     0  startup_stm32f40_41xxx.o(.text)
    TIM5_IRQHandler                          0x08000bcf   Thumb Code     0  startup_stm32f40_41xxx.o(.text)
    TIM6_DAC_IRQHandler                      0x08000bcf   Thumb Code     0  startup_stm32f40_41xxx.o(.text)
    TIM7_IRQHandler                          0x08000bcf   Thumb Code     0  startup_stm32f40_41xxx.o(.text)
    TIM8_BRK_TIM12_IRQHandler                0x08000bcf   Thumb Code     0  startup_stm32f40_41xxx.o(.text)
    TIM8_CC_IRQHandler                       0x08000bcf   Thumb Code     0  startup_stm32f40_41xxx.o(.text)
    TIM8_TRG_COM_TIM14_IRQHandler            0x08000bcf   Thumb Code     0  startup_stm32f40_41xxx.o(.text)
    UART4_IRQHandler                         0x08000bcf   Thumb Code     0  startup_stm32f40_41xxx.o(.text)
    UART5_IRQHandler                         0x08000bcf   Thumb Code     0  startup_stm32f40_41xxx.o(.text)
    USART3_IRQHandler                        0x08000bcf   Thumb Code     0  startup_stm32f40_41xxx.o(.text)
    USART6_IRQHandler                        0x08000bcf   Thumb Code     0  startup_stm32f40_41xxx.o(.text)
    WWDG_IRQHandler                          0x08000bcf   Thumb Code     0  startup_stm32f40_41xxx.o(.text)
    __user_initial_stackheap                 0x08000bd1   Thumb Code     0  startup_stm32f40_41xxx.o(.text)
    NVIC_PriorityGroupConfig                 0x08000bf5   Thumb Code    10  misc.o(.text)
    NVIC_Init                                0x08000bff   Thumb Code   106  misc.o(.text)
    NVIC_SetVectorTable                      0x08000c69   Thumb Code    14  misc.o(.text)
    NVIC_SystemLPConfig                      0x08000c77   Thumb Code    34  misc.o(.text)
    SysTick_CLKSourceConfig                  0x08000c99   Thumb Code    40  misc.o(.text)
    ADC_DeInit                               0x08000cd5   Thumb Code    22  stm32f4xx_adc.o(.text)
    ADC_Init                                 0x08000ceb   Thumb Code    74  stm32f4xx_adc.o(.text)
    ADC_StructInit                           0x08000d35   Thumb Code    20  stm32f4xx_adc.o(.text)
    ADC_CommonInit                           0x08000d49   Thumb Code    34  stm32f4xx_adc.o(.text)
    ADC_CommonStructInit                     0x08000d6b   Thumb Code    12  stm32f4xx_adc.o(.text)
    ADC_Cmd                                  0x08000d77   Thumb Code    22  stm32f4xx_adc.o(.text)
    ADC_AnalogWatchdogCmd                    0x08000d8d   Thumb Code    16  stm32f4xx_adc.o(.text)
    ADC_AnalogWatchdogThresholdsConfig       0x08000d9d   Thumb Code     6  stm32f4xx_adc.o(.text)
    ADC_AnalogWatchdogSingleChannelConfig    0x08000da3   Thumb Code    16  stm32f4xx_adc.o(.text)
    ADC_TempSensorVrefintCmd                 0x08000db3   Thumb Code    34  stm32f4xx_adc.o(.text)
    ADC_VBATCmd                              0x08000dd5   Thumb Code    34  stm32f4xx_adc.o(.text)
    ADC_RegularChannelConfig                 0x08000df7   Thumb Code   184  stm32f4xx_adc.o(.text)
    ADC_SoftwareStartConv                    0x08000eaf   Thumb Code    10  stm32f4xx_adc.o(.text)
    ADC_GetSoftwareStartConvStatus           0x08000eb9   Thumb Code    20  stm32f4xx_adc.o(.text)
    ADC_EOCOnEachRegularChannelCmd           0x08000ecd   Thumb Code    22  stm32f4xx_adc.o(.text)
    ADC_ContinuousModeCmd                    0x08000ee3   Thumb Code    22  stm32f4xx_adc.o(.text)
    ADC_DiscModeChannelCountConfig           0x08000ef9   Thumb Code    24  stm32f4xx_adc.o(.text)
    ADC_DiscModeCmd                          0x08000f11   Thumb Code    22  stm32f4xx_adc.o(.text)
    ADC_GetConversionValue                   0x08000f27   Thumb Code     8  stm32f4xx_adc.o(.text)
    ADC_GetMultiModeConversionValue          0x08000f2f   Thumb Code     8  stm32f4xx_adc.o(.text)
    ADC_DMACmd                               0x08000f37   Thumb Code    22  stm32f4xx_adc.o(.text)
    ADC_DMARequestAfterLastTransferCmd       0x08000f4d   Thumb Code    22  stm32f4xx_adc.o(.text)
    ADC_MultiModeDMARequestAfterLastTransferCmd 0x08000f63   Thumb Code    34  stm32f4xx_adc.o(.text)
    ADC_InjectedChannelConfig                0x08000f85   Thumb Code   130  stm32f4xx_adc.o(.text)
    ADC_InjectedSequencerLengthConfig        0x08001007   Thumb Code    24  stm32f4xx_adc.o(.text)
    ADC_SetInjectedOffset                    0x0800101f   Thumb Code    20  stm32f4xx_adc.o(.text)
    ADC_ExternalTrigInjectedConvConfig       0x08001033   Thumb Code    16  stm32f4xx_adc.o(.text)
    ADC_ExternalTrigInjectedConvEdgeConfig   0x08001043   Thumb Code    16  stm32f4xx_adc.o(.text)
    ADC_SoftwareStartInjectedConv            0x08001053   Thumb Code    10  stm32f4xx_adc.o(.text)
    ADC_GetSoftwareStartInjectedConvCmdStatus 0x0800105d   Thumb Code    20  stm32f4xx_adc.o(.text)
    ADC_AutoInjectedConvCmd                  0x08001071   Thumb Code    22  stm32f4xx_adc.o(.text)
    ADC_InjectedDiscModeCmd                  0x08001087   Thumb Code    22  stm32f4xx_adc.o(.text)
    ADC_GetInjectedConversionValue           0x0800109d   Thumb Code    28  stm32f4xx_adc.o(.text)
    ADC_ITConfig                             0x080010b9   Thumb Code    56  stm32f4xx_adc.o(.text)
    ADC_GetFlagStatus                        0x080010f1   Thumb Code    18  stm32f4xx_adc.o(.text)
    ADC_ClearFlag                            0x08001103   Thumb Code     6  stm32f4xx_adc.o(.text)
    ADC_GetITStatus                          0x08001109   Thumb Code    38  stm32f4xx_adc.o(.text)
    ADC_ClearITPendingBit                    0x0800112f   Thumb Code    10  stm32f4xx_adc.o(.text)
    GPIO_DeInit                              0x08001139   Thumb Code   268  stm32f4xx_gpio.o(.text)
    GPIO_Init                                0x08001245   Thumb Code   144  stm32f4xx_gpio.o(.text)
    GPIO_StructInit                          0x080012d5   Thumb Code    18  stm32f4xx_gpio.o(.text)
    GPIO_PinLockConfig                       0x080012e7   Thumb Code    34  stm32f4xx_gpio.o(.text)
    GPIO_ReadInputDataBit                    0x08001309   Thumb Code    18  stm32f4xx_gpio.o(.text)
    GPIO_ReadInputData                       0x0800131b   Thumb Code     8  stm32f4xx_gpio.o(.text)
    GPIO_ReadOutputDataBit                   0x08001323   Thumb Code    18  stm32f4xx_gpio.o(.text)
    GPIO_ReadOutputData                      0x08001335   Thumb Code     8  stm32f4xx_gpio.o(.text)
    GPIO_SetBits                             0x0800133d   Thumb Code     4  stm32f4xx_gpio.o(.text)
    GPIO_ResetBits                           0x08001341   Thumb Code     4  stm32f4xx_gpio.o(.text)
    GPIO_WriteBit                            0x08001345   Thumb Code    10  stm32f4xx_gpio.o(.text)
    GPIO_Write                               0x0800134f   Thumb Code     4  stm32f4xx_gpio.o(.text)
    GPIO_ToggleBits                          0x08001353   Thumb Code     8  stm32f4xx_gpio.o(.text)
    GPIO_PinAFConfig                         0x0800135b   Thumb Code    70  stm32f4xx_gpio.o(.text)
    RCC_DeInit                               0x080013cd   Thumb Code    82  stm32f4xx_rcc.o(.text)
    RCC_HSEConfig                            0x0800141f   Thumb Code    14  stm32f4xx_rcc.o(.text)
    RCC_GetFlagStatus                        0x0800142d   Thumb Code    60  stm32f4xx_rcc.o(.text)
    RCC_WaitForHSEStartUp                    0x08001469   Thumb Code    56  stm32f4xx_rcc.o(.text)
    RCC_AdjustHSICalibrationValue            0x080014a1   Thumb Code    20  stm32f4xx_rcc.o(.text)
    RCC_HSICmd                               0x080014b5   Thumb Code     6  stm32f4xx_rcc.o(.text)
    RCC_LSEConfig                            0x080014bb   Thumb Code    46  stm32f4xx_rcc.o(.text)
    RCC_LSICmd                               0x080014e9   Thumb Code     6  stm32f4xx_rcc.o(.text)
    RCC_PLLConfig                            0x080014ef   Thumb Code    32  stm32f4xx_rcc.o(.text)
    RCC_PLLCmd                               0x0800150f   Thumb Code     6  stm32f4xx_rcc.o(.text)
    RCC_PLLI2SConfig                         0x08001515   Thumb Code    14  stm32f4xx_rcc.o(.text)
    RCC_PLLI2SCmd                            0x08001523   Thumb Code     6  stm32f4xx_rcc.o(.text)
    RCC_PLLSAIConfig                         0x08001529   Thumb Code    20  stm32f4xx_rcc.o(.text)
    RCC_PLLSAICmd                            0x0800153d   Thumb Code     6  stm32f4xx_rcc.o(.text)
    RCC_ClockSecuritySystemCmd               0x08001543   Thumb Code     6  stm32f4xx_rcc.o(.text)
    RCC_MCO1Config                           0x08001549   Thumb Code    28  stm32f4xx_rcc.o(.text)
    RCC_MCO2Config                           0x08001565   Thumb Code    28  stm32f4xx_rcc.o(.text)
    RCC_SYSCLKConfig                         0x08001581   Thumb Code    20  stm32f4xx_rcc.o(.text)
    RCC_GetSYSCLKSource                      0x08001595   Thumb Code    12  stm32f4xx_rcc.o(.text)
    RCC_HCLKConfig                           0x080015a1   Thumb Code    20  stm32f4xx_rcc.o(.text)
    RCC_PCLK1Config                          0x080015b5   Thumb Code    20  stm32f4xx_rcc.o(.text)
    RCC_PCLK2Config                          0x080015c9   Thumb Code    22  stm32f4xx_rcc.o(.text)
    RCC_GetClocksFreq                        0x080015df   Thumb Code   222  stm32f4xx_rcc.o(.text)
    RCC_RTCCLKConfig                         0x080016bd   Thumb Code    54  stm32f4xx_rcc.o(.text)
    RCC_RTCCLKCmd                            0x080016f3   Thumb Code     8  stm32f4xx_rcc.o(.text)
    RCC_BackupResetCmd                       0x080016fb   Thumb Code     8  stm32f4xx_rcc.o(.text)
    RCC_I2SCLKConfig                         0x08001703   Thumb Code     6  stm32f4xx_rcc.o(.text)
    RCC_SAIPLLI2SClkDivConfig                0x08001709   Thumb Code    26  stm32f4xx_rcc.o(.text)
    RCC_SAIPLLSAIClkDivConfig                0x08001723   Thumb Code    28  stm32f4xx_rcc.o(.text)
    RCC_SAIBlockACLKConfig                   0x0800173f   Thumb Code    20  stm32f4xx_rcc.o(.text)
    RCC_SAIBlockBCLKConfig                   0x08001753   Thumb Code    20  stm32f4xx_rcc.o(.text)
    RCC_LTDCCLKDivConfig                     0x08001767   Thumb Code    20  stm32f4xx_rcc.o(.text)
    RCC_TIMCLKPresConfig                     0x0800177b   Thumb Code     6  stm32f4xx_rcc.o(.text)
    RCC_AHB1PeriphClockCmd                   0x08001781   Thumb Code    34  stm32f4xx_rcc.o(.text)
    RCC_AHB2PeriphClockCmd                   0x080017a3   Thumb Code    78  stm32f4xx_rcc.o(.text)
    RCC_AHB3PeriphClockCmd                   0x080017f1   Thumb Code    34  stm32f4xx_rcc.o(.text)
    RCC_APB1PeriphClockCmd                   0x08001813   Thumb Code    34  stm32f4xx_rcc.o(.text)
    RCC_APB2PeriphClockCmd                   0x08001835   Thumb Code    34  stm32f4xx_rcc.o(.text)
    RCC_AHB1PeriphResetCmd                   0x08001857   Thumb Code    34  stm32f4xx_rcc.o(.text)
    RCC_AHB2PeriphResetCmd                   0x08001879   Thumb Code    34  stm32f4xx_rcc.o(.text)
    RCC_AHB3PeriphResetCmd                   0x0800189b   Thumb Code    34  stm32f4xx_rcc.o(.text)
    RCC_APB1PeriphResetCmd                   0x080018bd   Thumb Code    34  stm32f4xx_rcc.o(.text)
    RCC_APB2PeriphResetCmd                   0x080018df   Thumb Code    34  stm32f4xx_rcc.o(.text)
    RCC_AHB1PeriphClockLPModeCmd             0x08001901   Thumb Code    34  stm32f4xx_rcc.o(.text)
    RCC_AHB2PeriphClockLPModeCmd             0x08001923   Thumb Code    34  stm32f4xx_rcc.o(.text)
    RCC_AHB3PeriphClockLPModeCmd             0x08001945   Thumb Code    34  stm32f4xx_rcc.o(.text)
    RCC_APB1PeriphClockLPModeCmd             0x08001967   Thumb Code    34  stm32f4xx_rcc.o(.text)
    RCC_APB2PeriphClockLPModeCmd             0x08001989   Thumb Code    34  stm32f4xx_rcc.o(.text)
    RCC_LSEModeConfig                        0x080019ab   Thumb Code    40  stm32f4xx_rcc.o(.text)
    RCC_ITConfig                             0x080019d3   Thumb Code    34  stm32f4xx_rcc.o(.text)
    RCC_ClearFlag                            0x080019f5   Thumb Code    18  stm32f4xx_rcc.o(.text)
    RCC_GetITStatus                          0x08001a07   Thumb Code    22  stm32f4xx_rcc.o(.text)
    RCC_ClearITPendingBit                    0x08001a1d   Thumb Code     8  stm32f4xx_rcc.o(.text)
    TIM_DeInit                               0x08001a29   Thumb Code   346  stm32f4xx_tim.o(.text)
    TIM_TimeBaseInit                         0x08001b83   Thumb Code   104  stm32f4xx_tim.o(.text)
    TIM_TimeBaseStructInit                   0x08001beb   Thumb Code    18  stm32f4xx_tim.o(.text)
    TIM_PrescalerConfig                      0x08001bfd   Thumb Code     6  stm32f4xx_tim.o(.text)
    TIM_CounterModeConfig                    0x08001c03   Thumb Code    18  stm32f4xx_tim.o(.text)
    TIM_SetCounter                           0x08001c15   Thumb Code     4  stm32f4xx_tim.o(.text)
    TIM_SetAutoreload                        0x08001c19   Thumb Code     4  stm32f4xx_tim.o(.text)
    TIM_GetCounter                           0x08001c1d   Thumb Code     6  stm32f4xx_tim.o(.text)
    TIM_GetPrescaler                         0x08001c23   Thumb Code     6  stm32f4xx_tim.o(.text)
    TIM_UpdateDisableConfig                  0x08001c29   Thumb Code    24  stm32f4xx_tim.o(.text)
    TIM_UpdateRequestConfig                  0x08001c41   Thumb Code    24  stm32f4xx_tim.o(.text)
    TIM_ARRPreloadConfig                     0x08001c59   Thumb Code    24  stm32f4xx_tim.o(.text)
    TIM_SelectOnePulseMode                   0x08001c71   Thumb Code    18  stm32f4xx_tim.o(.text)
    TIM_SetClockDivision                     0x08001c83   Thumb Code    18  stm32f4xx_tim.o(.text)
    TIM_Cmd                                  0x08001c95   Thumb Code    24  stm32f4xx_tim.o(.text)
    TIM_OC1Init                              0x08001cad   Thumb Code   114  stm32f4xx_tim.o(.text)
    TIM_OC2Init                              0x08001d1f   Thumb Code   154  stm32f4xx_tim.o(.text)
    TIM_OC3Init                              0x08001db9   Thumb Code   204  stm32f4xx_tim.o(.text)
    TIM_OC4Init                              0x08001e85   Thumb Code   112  stm32f4xx_tim.o(.text)
    TIM_OCStructInit                         0x08001ef5   Thumb Code    20  stm32f4xx_tim.o(.text)
    TIM_SelectOCxM                           0x08001f09   Thumb Code    86  stm32f4xx_tim.o(.text)
    TIM_SetCompare1                          0x08001f5f   Thumb Code     4  stm32f4xx_tim.o(.text)
    TIM_SetCompare2                          0x08001f63   Thumb Code     4  stm32f4xx_tim.o(.text)
    TIM_SetCompare3                          0x08001f67   Thumb Code     4  stm32f4xx_tim.o(.text)
    TIM_SetCompare4                          0x08001f6b   Thumb Code     4  stm32f4xx_tim.o(.text)
    TIM_ForcedOC1Config                      0x08001f6f   Thumb Code    18  stm32f4xx_tim.o(.text)
    TIM_ForcedOC2Config                      0x08001f81   Thumb Code    26  stm32f4xx_tim.o(.text)
    TIM_ForcedOC3Config                      0x08001f9b   Thumb Code    18  stm32f4xx_tim.o(.text)
    TIM_ForcedOC4Config                      0x08001fad   Thumb Code    26  stm32f4xx_tim.o(.text)
    TIM_OC1PreloadConfig                     0x08001fc7   Thumb Code    18  stm32f4xx_tim.o(.text)
    TIM_OC2PreloadConfig                     0x08001fd9   Thumb Code    26  stm32f4xx_tim.o(.text)
    TIM_OC3PreloadConfig                     0x08001ff3   Thumb Code    18  stm32f4xx_tim.o(.text)
    TIM_OC4PreloadConfig                     0x08002005   Thumb Code    26  stm32f4xx_tim.o(.text)
    TIM_OC1FastConfig                        0x0800201f   Thumb Code    18  stm32f4xx_tim.o(.text)
    TIM_OC2FastConfig                        0x08002031   Thumb Code    26  stm32f4xx_tim.o(.text)
    TIM_OC3FastConfig                        0x0800204b   Thumb Code    18  stm32f4xx_tim.o(.text)
    TIM_OC4FastConfig                        0x0800205d   Thumb Code    26  stm32f4xx_tim.o(.text)
    TIM_ClearOC1Ref                          0x08002077   Thumb Code    18  stm32f4xx_tim.o(.text)
    TIM_ClearOC2Ref                          0x08002089   Thumb Code    24  stm32f4xx_tim.o(.text)
    TIM_ClearOC3Ref                          0x080020a1   Thumb Code    18  stm32f4xx_tim.o(.text)
    TIM_ClearOC4Ref                          0x080020b3   Thumb Code    24  stm32f4xx_tim.o(.text)
    TIM_OC1PolarityConfig                    0x080020cb   Thumb Code    18  stm32f4xx_tim.o(.text)
    TIM_OC1NPolarityConfig                   0x080020dd   Thumb Code    18  stm32f4xx_tim.o(.text)
    TIM_OC2PolarityConfig                    0x080020ef   Thumb Code    26  stm32f4xx_tim.o(.text)
    TIM_OC2NPolarityConfig                   0x08002109   Thumb Code    26  stm32f4xx_tim.o(.text)
    TIM_OC3PolarityConfig                    0x08002123   Thumb Code    26  stm32f4xx_tim.o(.text)
    TIM_OC3NPolarityConfig                   0x0800213d   Thumb Code    26  stm32f4xx_tim.o(.text)
    TIM_OC4PolarityConfig                    0x08002157   Thumb Code    26  stm32f4xx_tim.o(.text)
    TIM_CCxCmd                               0x08002171   Thumb Code    30  stm32f4xx_tim.o(.text)
    TIM_CCxNCmd                              0x0800218f   Thumb Code    30  stm32f4xx_tim.o(.text)
    TIM_SetIC4Prescaler                      0x080021ad   Thumb Code    26  stm32f4xx_tim.o(.text)
    TIM_SetIC3Prescaler                      0x08002217   Thumb Code    18  stm32f4xx_tim.o(.text)
    TIM_SetIC2Prescaler                      0x08002271   Thumb Code    26  stm32f4xx_tim.o(.text)
    TIM_SetIC1Prescaler                      0x080022e5   Thumb Code    18  stm32f4xx_tim.o(.text)
    TIM_ICInit                               0x08002331   Thumb Code   110  stm32f4xx_tim.o(.text)
    TIM_ICStructInit                         0x0800239f   Thumb Code    18  stm32f4xx_tim.o(.text)
    TIM_PWMIConfig                           0x080023b1   Thumb Code   124  stm32f4xx_tim.o(.text)
    TIM_GetCapture1                          0x0800242d   Thumb Code     6  stm32f4xx_tim.o(.text)
    TIM_GetCapture2                          0x08002433   Thumb Code     6  stm32f4xx_tim.o(.text)
    TIM_GetCapture3                          0x08002439   Thumb Code     6  stm32f4xx_tim.o(.text)
    TIM_GetCapture4                          0x0800243f   Thumb Code     6  stm32f4xx_tim.o(.text)
    TIM_BDTRConfig                           0x08002445   Thumb Code    32  stm32f4xx_tim.o(.text)
    TIM_BDTRStructInit                       0x08002465   Thumb Code    18  stm32f4xx_tim.o(.text)
    TIM_CtrlPWMOutputs                       0x08002477   Thumb Code    30  stm32f4xx_tim.o(.text)
    TIM_SelectCOM                            0x08002495   Thumb Code    24  stm32f4xx_tim.o(.text)
    TIM_CCPreloadControl                     0x080024ad   Thumb Code    24  stm32f4xx_tim.o(.text)
    TIM_ITConfig                             0x080024c5   Thumb Code    18  stm32f4xx_tim.o(.text)
    TIM_GenerateEvent                        0x080024d7   Thumb Code     4  stm32f4xx_tim.o(.text)
    TIM_GetFlagStatus                        0x080024db   Thumb Code    18  stm32f4xx_tim.o(.text)
    TIM_ClearFlag                            0x080024ed   Thumb Code     6  stm32f4xx_tim.o(.text)
    TIM_GetITStatus                          0x080024f3   Thumb Code    34  stm32f4xx_tim.o(.text)
    TIM_ClearITPendingBit                    0x08002515   Thumb Code     6  stm32f4xx_tim.o(.text)
    TIM_DMAConfig                            0x0800251b   Thumb Code    10  stm32f4xx_tim.o(.text)
    TIM_DMACmd                               0x08002525   Thumb Code    18  stm32f4xx_tim.o(.text)
    TIM_SelectCCDMA                          0x08002537   Thumb Code    24  stm32f4xx_tim.o(.text)
    TIM_InternalClockConfig                  0x0800254f   Thumb Code    12  stm32f4xx_tim.o(.text)
    TIM_SelectInputTrigger                   0x0800255b   Thumb Code    18  stm32f4xx_tim.o(.text)
    TIM_ITRxExternalClockConfig              0x0800256d   Thumb Code    24  stm32f4xx_tim.o(.text)
    TIM_TIxExternalClockConfig               0x08002585   Thumb Code    62  stm32f4xx_tim.o(.text)
    TIM_ETRConfig                            0x080025c3   Thumb Code    28  stm32f4xx_tim.o(.text)
    TIM_ETRClockMode1Config                  0x080025df   Thumb Code    54  stm32f4xx_tim.o(.text)
    TIM_ETRClockMode2Config                  0x08002615   Thumb Code    32  stm32f4xx_tim.o(.text)
    TIM_SelectOutputTrigger                  0x08002635   Thumb Code    18  stm32f4xx_tim.o(.text)
    TIM_SelectSlaveMode                      0x08002647   Thumb Code    18  stm32f4xx_tim.o(.text)
    TIM_SelectMasterSlaveMode                0x08002659   Thumb Code    18  stm32f4xx_tim.o(.text)
    TIM_EncoderInterfaceConfig               0x0800266b   Thumb Code    66  stm32f4xx_tim.o(.text)
    TIM_SelectHallSensor                     0x080026ad   Thumb Code    24  stm32f4xx_tim.o(.text)
    TIM_RemapConfig                          0x080026c5   Thumb Code     6  stm32f4xx_tim.o(.text)
    USART_DeInit                             0x080026cd   Thumb Code   206  stm32f4xx_usart.o(.text)
    USART_Init                               0x0800279b   Thumb Code   204  stm32f4xx_usart.o(.text)
    USART_StructInit                         0x08002867   Thumb Code    24  stm32f4xx_usart.o(.text)
    USART_ClockInit                          0x0800287f   Thumb Code    32  stm32f4xx_usart.o(.text)
    USART_ClockStructInit                    0x0800289f   Thumb Code    12  stm32f4xx_usart.o(.text)
    USART_Cmd                                0x080028ab   Thumb Code    24  stm32f4xx_usart.o(.text)
    USART_SetPrescaler                       0x080028c3   Thumb Code    16  stm32f4xx_usart.o(.text)
    USART_OverSampling8Cmd                   0x080028d3   Thumb Code    22  stm32f4xx_usart.o(.text)
    USART_OneBitMethodCmd                    0x080028e9   Thumb Code    24  stm32f4xx_usart.o(.text)
    USART_SendData                           0x08002901   Thumb Code     8  stm32f4xx_usart.o(.text)
    USART_ReceiveData                        0x08002909   Thumb Code    10  stm32f4xx_usart.o(.text)
    USART_SetAddress                         0x08002913   Thumb Code    18  stm32f4xx_usart.o(.text)
    USART_ReceiverWakeUpCmd                  0x08002925   Thumb Code    24  stm32f4xx_usart.o(.text)
    USART_WakeUpConfig                       0x0800293d   Thumb Code    18  stm32f4xx_usart.o(.text)
    USART_LINBreakDetectLengthConfig         0x0800294f   Thumb Code    18  stm32f4xx_usart.o(.text)
    USART_LINCmd                             0x08002961   Thumb Code    24  stm32f4xx_usart.o(.text)
    USART_SendBreak                          0x08002979   Thumb Code    10  stm32f4xx_usart.o(.text)
    USART_HalfDuplexCmd                      0x08002983   Thumb Code    24  stm32f4xx_usart.o(.text)
    USART_SetGuardTime                       0x0800299b   Thumb Code    16  stm32f4xx_usart.o(.text)
    USART_SmartCardCmd                       0x080029ab   Thumb Code    24  stm32f4xx_usart.o(.text)
    USART_SmartCardNACKCmd                   0x080029c3   Thumb Code    24  stm32f4xx_usart.o(.text)
    USART_IrDAConfig                         0x080029db   Thumb Code    18  stm32f4xx_usart.o(.text)
    USART_IrDACmd                            0x080029ed   Thumb Code    24  stm32f4xx_usart.o(.text)
    USART_DMACmd                             0x08002a05   Thumb Code    18  stm32f4xx_usart.o(.text)
    USART_ITConfig                           0x08002a17   Thumb Code    74  stm32f4xx_usart.o(.text)
    USART_GetFlagStatus                      0x08002a61   Thumb Code    26  stm32f4xx_usart.o(.text)
    USART_ClearFlag                          0x08002a7b   Thumb Code    18  stm32f4xx_usart.o(.text)
    USART_GetITStatus                        0x08002a8d   Thumb Code   118  stm32f4xx_usart.o(.text)
    USART_ClearITPendingBit                  0x08002b03   Thumb Code    30  stm32f4xx_usart.o(.text)
    delay_osschedlock                        0x08002b21   Thumb Code     8  delay.o(.text)
    delay_osschedunlock                      0x08002b29   Thumb Code     8  delay.o(.text)
    delay_ostimedly                          0x08002b31   Thumb Code    12  delay.o(.text)
    SysTick_Handler                          0x08002b3d   Thumb Code    24  delay.o(.text)
    delay_init                               0x08002b55   Thumb Code    76  delay.o(.text)
    delay_us                                 0x08002ba1   Thumb Code    84  delay.o(.text)
    delay_ms                                 0x08002bf5   Thumb Code    66  delay.o(.text)
    _sys_exit                                0x08002c49   Thumb Code     6  usart.o(.text)
    fputc                                    0x08002c4f   Thumb Code    22  usart.o(.text)
    uart_init                                0x08002c65   Thumb Code   164  usart.o(.text)
    USART1_IRQHandler                        0x08002d09   Thumb Code   130  usart.o(.text)
    Encoder_Timer3_Init                      0x08002d9d   Thumb Code   170  height.o(.text)
    read_encoder                             0x08002e47   Thumb Code    10  height.o(.text)
    Read_Encoder                             0x08002e51   Thumb Code    74  height.o(.text)
    LED_Init                                 0x08002ea9   Thumb Code    60  led.o(.text)
    Adc_Init                                 0x08002ee9   Thumb Code   166  adc.o(.text)
    Get_Adc1                                 0x08002f8f   Thumb Code    44  adc.o(.text)
    Get_Adc2                                 0x08002fbb   Thumb Code    44  adc.o(.text)
    Get_Adc1_Average                         0x08002fe7   Thumb Code    46  adc.o(.text)
    Get_Adc2_Average                         0x08003015   Thumb Code    46  adc.o(.text)
    USART2_IRQHandler                        0x08003051   Thumb Code    50  rs485.o(.text)
    RS485_Init                               0x08003083   Thumb Code   224  rs485.o(.text)
    RS485_Send_Data                          0x08003163   Thumb Code    78  rs485.o(.text)
    RS485_Receive_Data                       0x080031b1   Thumb Code    68  rs485.o(.text)
    Driver_Init                              0x0800320d   Thumb Code    64  motor2.o(.text)
    TIM8_OPM_RCR_Init                        0x0800324d   Thumb Code   232  motor2.o(.text)
    MSD_ENA                                  0x08003335   Thumb Code    64  motor2.o(.text)
    MSD_Move                                 0x08003375   Thumb Code   348  motor2.o(.text)
    MSD_StepCounter                          0x080034d1   Thumb Code    28  motor2.o(.text)
    TIM8_UP_TIM13_IRQHandler                 0x080034ed   Thumb Code   568  motor2.o(.text)
    Driver1_Init                             0x0800373d   Thumb Code    64  motor1.o(.text)
    TIM1_OPM_RCR_Init                        0x0800377d   Thumb Code   234  motor1.o(.text)
    MSD_ENA1                                 0x08003867   Thumb Code    52  motor1.o(.text)
    MSD_Move1                                0x0800389b   Thumb Code   348  motor1.o(.text)
    MSD_StepCounter1                         0x080039f7   Thumb Code    28  motor1.o(.text)
    TIM1_UP_TIM10_IRQHandler                 0x08003a13   Thumb Code   554  motor1.o(.text)
    OS_TaskStatStkChk                        0x08003c55   Thumb Code    54  os_core.o(.text)
    OS_TaskStat                              0x08003c8b   Thumb Code   116  os_core.o(.text)
    OS_TaskIdle                              0x08003d33   Thumb Code    34  os_core.o(.text)
    OS_MemClr                                0x08003d89   Thumb Code    18  os_core.o(.text)
    OSInit                                   0x08003ea7   Thumb Code    44  os_core.o(.text)
    OSIntEnter                               0x08003ed3   Thumb Code    28  os_core.o(.text)
    OSIntExit                                0x08003f09   Thumb Code   112  os_core.o(.text)
    OSSchedLock                              0x08003f79   Thumb Code    50  os_core.o(.text)
    OS_Sched                                 0x08003fab   Thumb Code    88  os_core.o(.text)
    OSSchedUnlock                            0x08004003   Thumb Code   238  os_core.o(.text)
    OSStart                                  0x080040f1   Thumb Code    48  os_core.o(.text)
    OSStatInit                               0x08004121   Thumb Code    62  os_core.o(.text)
    OSTimeTick                               0x0800415f   Thumb Code   210  os_core.o(.text)
    OSVersion                                0x08004231   Thumb Code     6  os_core.o(.text)
    OS_Dummy                                 0x08004237   Thumb Code     2  os_core.o(.text)
    OS_EventTaskRemove                       0x08004239   Thumb Code    42  os_core.o(.text)
    OS_EventTaskRdy                          0x08004263   Thumb Code   114  os_core.o(.text)
    OS_EventTaskWait                         0x080042d5   Thumb Code   112  os_core.o(.text)
    OS_EventWaitListInit                     0x08004345   Thumb Code    28  os_core.o(.text)
    OS_MemCopy                               0x08004361   Thumb Code    20  os_core.o(.text)
    OS_StrLen                                0x08004375   Thumb Code    20  os_core.o(.text)
    OS_TCBInit                               0x08004389   Thumb Code   280  os_core.o(.text)
    OSFlagAccept                             0x080044e5   Thumb Code   252  os_flag.o(.text)
    OSFlagCreate                             0x080045e1   Thumb Code    86  os_flag.o(.text)
    OS_FlagUnlink                            0x08004637   Thumb Code    36  os_flag.o(.text)
    OSFlagDel                                0x080046ad   Thumb Code   214  os_flag.o(.text)
    OSFlagNameGet                            0x08004783   Thumb Code    80  os_flag.o(.text)
    OSFlagNameSet                            0x080047d3   Thumb Code    66  os_flag.o(.text)
    OSFlagPend                               0x080048ad   Thumb Code   614  os_flag.o(.text)
    OSFlagPendGetFlagsRdy                    0x08004b13   Thumb Code    26  os_flag.o(.text)
    OSFlagPost                               0x08004b2d   Thumb Code   312  os_flag.o(.text)
    OSFlagQuery                              0x08004c65   Thumb Code    48  os_flag.o(.text)
    OS_FlagInit                              0x08004c95   Thumb Code    78  os_flag.o(.text)
    OSMboxAccept                             0x08004cf1   Thumb Code    38  os_mbox.o(.text)
    OSMboxCreate                             0x08004d17   Thumb Code    68  os_mbox.o(.text)
    OSMboxDel                                0x08004d5b   Thumb Code   200  os_mbox.o(.text)
    OSMboxPend                               0x08004e23   Thumb Code   246  os_mbox.o(.text)
    OSMboxPendAbort                          0x08004f19   Thumb Code   128  os_mbox.o(.text)
    OSMboxPost                               0x08004f99   Thumb Code    80  os_mbox.o(.text)
    OSMboxPostOpt                            0x08004fe9   Thumb Code   120  os_mbox.o(.text)
    OSMboxQuery                              0x08005061   Thumb Code    76  os_mbox.o(.text)
    OSQAccept                                0x080050bd   Thumb Code    88  os_q.o(.text)
    OSQCreate                                0x08005115   Thumb Code   140  os_q.o(.text)
    OSQDel                                   0x080051a1   Thumb Code   236  os_q.o(.text)
    OSQFlush                                 0x0800528d   Thumb Code    36  os_q.o(.text)
    OSQPend                                  0x080052b1   Thumb Code   272  os_q.o(.text)
    OSQPendAbort                             0x080053c1   Thumb Code   128  os_q.o(.text)
    OSQPost                                  0x08005441   Thumb Code   114  os_q.o(.text)
    OSQPostFront                             0x080054b3   Thumb Code   136  os_q.o(.text)
    OSQPostOpt                               0x0800553b   Thumb Code   182  os_q.o(.text)
    OSQQuery                                 0x080055f1   Thumb Code    98  os_q.o(.text)
    OS_QInit                                 0x08005653   Thumb Code    72  os_q.o(.text)
    OSSemAccept                              0x080056a5   Thumb Code    42  os_sem.o(.text)
    OSSemCreate                              0x080056cf   Thumb Code    68  os_sem.o(.text)
    OSSemDel                                 0x08005713   Thumb Code   200  os_sem.o(.text)
    OSSemPend                                0x080057db   Thumb Code   222  os_sem.o(.text)
    OSSemPendAbort                           0x080058b9   Thumb Code   128  os_sem.o(.text)
    OSSemPost                                0x08005939   Thumb Code    88  os_sem.o(.text)
    OSSemQuery                               0x08005991   Thumb Code    76  os_sem.o(.text)
    OSSemSet                                 0x080059dd   Thumb Code    66  os_sem.o(.text)
    OSTaskChangePrio                         0x08005a31   Thumb Code   308  os_task.o(.text)
    OSTaskCreate                             0x08005b65   Thumb Code   148  os_task.o(.text)
    OS_TaskStkClr                            0x08005bf9   Thumb Code    26  os_task.o(.text)
    OSTaskCreateExt                          0x08005c13   Thumb Code   170  os_task.o(.text)
    OSTaskDel                                0x08005cbd   Thumb Code   294  os_task.o(.text)
    OSTaskDelReq                             0x08005de3   Thumb Code   144  os_task.o(.text)
    OSTaskNameGet                            0x08005e73   Thumb Code   114  os_task.o(.text)
    OSTaskNameSet                            0x08005ee5   Thumb Code    98  os_task.o(.text)
    OSTaskResume                             0x08005f47   Thumb Code   154  os_task.o(.text)
    OSTaskStkChk                             0x08005fe1   Thumb Code   132  os_task.o(.text)
    OSTaskSuspend                            0x08006065   Thumb Code   152  os_task.o(.text)
    OSTaskQuery                              0x080060fd   Thumb Code    82  os_task.o(.text)
    OSTaskRegGet                             0x0800614f   Thumb Code    60  os_task.o(.text)
    OSTaskRegSet                             0x0800618b   Thumb Code    62  os_task.o(.text)
    OS_TaskReturn                            0x080061c9   Thumb Code    18  os_task.o(.text)
    OSTimeDly                                0x080061f5   Thumb Code   100  os_time.o(.text)
    OSTimeDlyHMSM                            0x08006259   Thumb Code    86  os_time.o(.text)
    OSTimeDlyResume                          0x080062af   Thumb Code   168  os_time.o(.text)
    OSTimeGet                                0x08006357   Thumb Code    24  os_time.o(.text)
    OSTimeSet                                0x0800636f   Thumb Code    24  os_time.o(.text)
    OSInitHookBegin                          0x080063a5   Thumb Code     2  os_cpu_c.o(.text)
    OSInitHookEnd                            0x080063a7   Thumb Code     2  os_cpu_c.o(.text)
    OSTaskCreateHook                         0x080063a9   Thumb Code     2  os_cpu_c.o(.text)
    OSTaskDelHook                            0x080063ab   Thumb Code     2  os_cpu_c.o(.text)
    OSTaskIdleHook                           0x080063ad   Thumb Code     2  os_cpu_c.o(.text)
    OSTaskStatHook                           0x080063af   Thumb Code     2  os_cpu_c.o(.text)
    OSTaskStkInit                            0x080063b1   Thumb Code   426  os_cpu_c.o(.text)
    OSTaskSwHook                             0x0800655b   Thumb Code     2  os_cpu_c.o(.text)
    OSTCBInitHook                            0x0800655d   Thumb Code     2  os_cpu_c.o(.text)
    OSTimeTickHook                           0x0800655f   Thumb Code     2  os_cpu_c.o(.text)
    OSTaskReturnHook                         0x08006561   Thumb Code     2  os_cpu_c.o(.text)
    OS_CPU_SR_Save                           0x08006569   Thumb Code     0  os_cpu_a.o(.text)
    OS_CPU_SR_Restore                        0x08006571   Thumb Code     0  os_cpu_a.o(.text)
    OSStartHighRdy                           0x08006577   Thumb Code     0  os_cpu_a.o(.text)
    OSCtxSw                                  0x0800659b   Thumb Code     0  os_cpu_a.o(.text)
    OSIntCtxSw                               0x080065a9   Thumb Code     0  os_cpu_a.o(.text)
    PendSV_Handler                           0x080065b9   Thumb Code     0  os_cpu_a.o(.text)
    __use_no_semihosting                     0x08006631   Thumb Code     2  use_no_semi_2.o(.text)
    __2printf                                0x08006635   Thumb Code    20  noretval__2printf.o(.text)
    __use_two_region_memory                  0x0800664d   Thumb Code     2  heapauxi.o(.text)
    __rt_heap_escrow$2region                 0x0800664f   Thumb Code     2  heapauxi.o(.text)
    __rt_heap_expand$2region                 0x08006651   Thumb Code     2  heapauxi.o(.text)
    __I$use$semihosting                      0x08006653   Thumb Code     0  use_no_semi.o(.text)
    __use_no_semihosting_swi                 0x08006653   Thumb Code     2  use_no_semi.o(.text)
    _printf_char_file                        0x08006655   Thumb Code    32  _printf_char_file.o(.text)
    _printf_char_common                      0x08006683   Thumb Code    32  _printf_char_common.o(.text)
    ferror                                   0x080066a9   Thumb Code     8  ferror.o(.text)
    __user_setup_stackheap                   0x080066b1   Thumb Code    74  sys_stackheap_outer.o(.text)
    __printf                                 0x080066fb   Thumb Code    40  __printf_nopercent.o(.text)
    exit                                     0x08006723   Thumb Code    18  exit.o(.text)
    __user_libspace                          0x08006735   Thumb Code     8  libspace.o(.text)
    __user_perproc_libspace                  0x08006735   Thumb Code     0  libspace.o(.text)
    __user_perthread_libspace                0x08006735   Thumb Code     0  libspace.o(.text)
    __aeabi_d2f                              0x0800673d   Thumb Code     0  d2f.o(x$fpl$d2f)
    _d2f                                     0x0800673d   Thumb Code    98  d2f.o(x$fpl$d2f)
    __aeabi_d2iz                             0x080067a1   Thumb Code     0  dfix.o(x$fpl$dfix)
    _dfix                                    0x080067a1   Thumb Code    94  dfix.o(x$fpl$dfix)
    __aeabi_i2d                              0x080067ff   Thumb Code     0  dflt_clz.o(x$fpl$dflt)
    _dflt                                    0x080067ff   Thumb Code    46  dflt_clz.o(x$fpl$dflt)
    __aeabi_ui2d                             0x0800682d   Thumb Code     0  dflt_clz.o(x$fpl$dfltu)
    _dfltu                                   0x0800682d   Thumb Code    38  dflt_clz.o(x$fpl$dfltu)
    __aeabi_dmul                             0x08006855   Thumb Code     0  dmul.o(x$fpl$dmul)
    _dmul                                    0x08006855   Thumb Code   332  dmul.o(x$fpl$dmul)
    __fpl_dnaninf                            0x080069a9   Thumb Code   156  dnaninf.o(x$fpl$dnaninf)
    __fpl_dretinf                            0x08006a45   Thumb Code    12  dretinf.o(x$fpl$dretinf)
    __aeabi_f2d                              0x08006a51   Thumb Code     0  f2d.o(x$fpl$f2d)
    _f2d                                     0x08006a51   Thumb Code    86  f2d.o(x$fpl$f2d)
    __fpl_fnaninf                            0x08006aa7   Thumb Code   140  fnaninf.o(x$fpl$fnaninf)
    _fp_init                                 0x08006b33   Thumb Code    10  fpinit.o(x$fpl$fpinit)
    __fplib_config_fpu_vfp                   0x08006b3b   Thumb Code     0  fpinit.o(x$fpl$fpinit)
    __fplib_config_pureend_doubles           0x08006b3b   Thumb Code     0  fpinit.o(x$fpl$fpinit)
    __fpl_fretinf                            0x08006b3d   Thumb Code    10  fretinf.o(x$fpl$fretinf)
    OSUnMapTbl                               0x08006b46   Data         256  os_core.o(.constdata)
    __I$use$fp                               0x08006b46   Number         0  usenofp.o(x$fpl$usenofp)
    Region$$Table$$Base                      0x08006cd8   Number         0  anon$$obj.o(Region$$Table)
    Region$$Table$$Limit                     0x08006cf8   Number         0  anon$$obj.o(Region$$Table)
    sem_position                             0x20000010   Data           4  main.o(.data)
    sem_forward                              0x20000014   Data           4  main.o(.data)
    sem_back                                 0x20000018   Data           4  main.o(.data)
    msg_command                              0x2000001c   Data           4  main.o(.data)
    Mbox_height                              0x20000020   Data           4  main.o(.data)
    q_msg_adc                                0x20000024   Data           4  main.o(.data)
    q_msg_up                                 0x20000028   Data           4  main.o(.data)
    q_msg_down                               0x2000002c   Data           4  main.o(.data)
    q_msg_forward                            0x20000030   Data           4  main.o(.data)
    q_msg_back                               0x20000034   Data           4  main.o(.data)
    MsgGrp_up                                0x20000038   Data           8  main.o(.data)
    MsgGrp_down                              0x20000040   Data           8  main.o(.data)
    MsgGrp_forward                           0x20000048   Data           8  main.o(.data)
    MsgGrp_back                              0x20000050   Data           8  main.o(.data)
    SystemCoreClock                          0x20000058   Data           4  system_stm32f4xx.o(.data)
    AHBPrescTable                            0x2000005c   Data          16  system_stm32f4xx.o(.data)
    __stdout                                 0x20000080   Data           4  usart.o(.data)
    USART_RX_STA                             0x20000084   Data           2  usart.o(.data)
    RS485_RX_CNT                             0x20000086   Data           1  rs485.o(.data)
    rcr_remainder                            0x20000088   Data           1  motor2.o(.data)
    rcr_integer                              0x2000008c   Data           4  motor2.o(.data)
    is_rcr_finish                            0x20000090   Data           1  motor2.o(.data)
    target_pos                               0x20000094   Data           4  motor2.o(.data)
    current_pos                              0x20000098   Data           4  motor2.o(.data)
    stepPosition                             0x2000009c   Data           4  motor2.o(.data)
    status                                   0x200000a0   Data           1  motor2.o(.data)
    stepPosition1                            0x200000b4   Data           4  motor1.o(.data)
    status1                                  0x200000b8   Data           1  motor1.o(.data)
    OSCtxSwCtr                               0x200000cc   Data           4  os_core.o(.data)
    OSEventFreeList                          0x200000d0   Data           4  os_core.o(.data)
    OSFlagFreeList                           0x200000d4   Data           4  os_core.o(.data)
    OSCPUUsage                               0x200000d8   Data           1  os_core.o(.data)
    OSIdleCtrMax                             0x200000dc   Data           4  os_core.o(.data)
    OSIdleCtrRun                             0x200000e0   Data           4  os_core.o(.data)
    OSStatRdy                                0x200000e4   Data           1  os_core.o(.data)
    OSIntNesting                             0x200000e5   Data           1  os_core.o(.data)
    OSLockNesting                            0x200000e6   Data           1  os_core.o(.data)
    OSPrioCur                                0x200000e7   Data           1  os_core.o(.data)
    OSPrioHighRdy                            0x200000e8   Data           1  os_core.o(.data)
    OSRdyGrp                                 0x200000e9   Data           1  os_core.o(.data)
    OSRdyTbl                                 0x200000ea   Data           8  os_core.o(.data)
    OSRunning                                0x200000f2   Data           1  os_core.o(.data)
    OSTaskCtr                                0x200000f3   Data           1  os_core.o(.data)
    OSIdleCtr                                0x200000f4   Data           4  os_core.o(.data)
    OSTCBCur                                 0x200000f8   Data           4  os_core.o(.data)
    OSTCBFreeList                            0x200000fc   Data           4  os_core.o(.data)
    OSTCBHighRdy                             0x20000100   Data           4  os_core.o(.data)
    OSTCBList                                0x20000104   Data           4  os_core.o(.data)
    OSTickStepState                          0x20000108   Data           1  os_core.o(.data)
    OSQFreeList                              0x2000010c   Data           4  os_core.o(.data)
    OSTime                                   0x20000110   Data           4  os_core.o(.data)
    START_TASK_STK                           0x20000114   Data         256  main.o(.bss)
    FORWARD_TASK_STK                         0x20000214   Data         512  main.o(.bss)
    BACK_TASK_STK                            0x20000414   Data         512  main.o(.bss)
    UP_TASK_STK                              0x20000614   Data         512  main.o(.bss)
    DOWN_TASK_STK                            0x20000814   Data         512  main.o(.bss)
    POSITION_TASK_STK                        0x20000a14   Data         512  main.o(.bss)
    PRESSURE_TASK_STK                        0x20000c14   Data         512  main.o(.bss)
    HEIGHT_TASK_STK                          0x20000e14   Data         512  main.o(.bss)
    MAIN_TASK_STK                            0x20001014   Data         512  main.o(.bss)
    USART_TASK_STK                           0x20001214   Data         512  main.o(.bss)
    MsgGrp_ADC                               0x20001414   Data          16  main.o(.bss)
    USART_RX_BUF                             0x20001424   Data         200  usart.o(.bss)
    RS485_RX_BUF                             0x200014ec   Data          64  rs485.o(.bss)
    srd                                      0x2000152c   Data          28  motor2.o(.bss)
    srd1                                     0x20001548   Data          28  motor1.o(.bss)
    OSEventTbl                               0x20001564   Data         200  os_core.o(.bss)
    OSFlagTbl                                0x2000162c   Data          80  os_core.o(.bss)
    OSTaskStatStk                            0x2000167c   Data         512  os_core.o(.bss)
    OSTaskIdleStk                            0x2000187c   Data         512  os_core.o(.bss)
    OSTCBPrioTbl                             0x20001a7c   Data         256  os_core.o(.bss)
    OSTCBTbl                                 0x20001b7c   Data        1008  os_core.o(.bss)
    OSQTbl                                   0x20001f6c   Data         120  os_core.o(.bss)
    __libspace_start                         0x20001fe4   Data          96  libspace.o(.bss)
    __temporary_stack_top$libspace           0x20002044   Data           0  libspace.o(.bss)



==============================================================================

Memory Map of the image

  Image Entry point : 0x08000189

  Load Region LR_IROM1 (Base: 0x08000000, Size: 0x00006e0c, Max: 0x00100000, ABSOLUTE)

    Execution Region ER_IROM1 (Exec base: 0x08000000, Load base: 0x08000000, Size: 0x00006cf8, Max: 0x00100000, ABSOLUTE)

    Exec Addr    Load Addr    Size         Type   Attr      Idx    E Section Name        Object

    0x08000000   0x08000000   0x00000188   Data   RO          249    RESET               startup_stm32f40_41xxx.o
    0x08000188   0x08000188   0x00000008   Code   RO         1473  * !!!main             c_w.l(__main.o)
    0x08000190   0x08000190   0x00000034   Code   RO         1663    !!!scatter          c_w.l(__scatter.o)
    0x080001c4   0x080001c4   0x0000001a   Code   RO         1665    !!handler_copy      c_w.l(__scatter_copy.o)
    0x080001de   0x080001de   0x00000002   PAD
    0x080001e0   0x080001e0   0x0000001c   Code   RO         1667    !!handler_zi        c_w.l(__scatter_zi.o)
    0x080001fc   0x080001fc   0x00000002   Code   RO         1537    .ARM.Collect$$libinit$$00000000  c_w.l(libinit.o)
    0x080001fe   0x080001fe   0x00000004   Code   RO         1543    .ARM.Collect$$libinit$$00000001  c_w.l(libinit2.o)
    0x08000202   0x08000202   0x00000000   Code   RO         1546    .ARM.Collect$$libinit$$00000004  c_w.l(libinit2.o)
    0x08000202   0x08000202   0x00000000   Code   RO         1549    .ARM.Collect$$libinit$$0000000A  c_w.l(libinit2.o)
    0x08000202   0x08000202   0x00000000   Code   RO         1551    .ARM.Collect$$libinit$$0000000C  c_w.l(libinit2.o)
    0x08000202   0x08000202   0x00000000   Code   RO         1553    .ARM.Collect$$libinit$$0000000E  c_w.l(libinit2.o)
    0x08000202   0x08000202   0x00000000   Code   RO         1556    .ARM.Collect$$libinit$$00000011  c_w.l(libinit2.o)
    0x08000202   0x08000202   0x00000000   Code   RO         1558    .ARM.Collect$$libinit$$00000013  c_w.l(libinit2.o)
    0x08000202   0x08000202   0x00000000   Code   RO         1560    .ARM.Collect$$libinit$$00000015  c_w.l(libinit2.o)
    0x08000202   0x08000202   0x00000000   Code   RO         1562    .ARM.Collect$$libinit$$00000017  c_w.l(libinit2.o)
    0x08000202   0x08000202   0x00000000   Code   RO         1564    .ARM.Collect$$libinit$$00000019  c_w.l(libinit2.o)
    0x08000202   0x08000202   0x00000000   Code   RO         1566    .ARM.Collect$$libinit$$0000001B  c_w.l(libinit2.o)
    0x08000202   0x08000202   0x00000000   Code   RO         1568    .ARM.Collect$$libinit$$0000001D  c_w.l(libinit2.o)
    0x08000202   0x08000202   0x00000000   Code   RO         1570    .ARM.Collect$$libinit$$0000001F  c_w.l(libinit2.o)
    0x08000202   0x08000202   0x00000000   Code   RO         1572    .ARM.Collect$$libinit$$00000021  c_w.l(libinit2.o)
    0x08000202   0x08000202   0x00000000   Code   RO         1574    .ARM.Collect$$libinit$$00000023  c_w.l(libinit2.o)
    0x08000202   0x08000202   0x00000000   Code   RO         1576    .ARM.Collect$$libinit$$00000025  c_w.l(libinit2.o)
    0x08000202   0x08000202   0x00000000   Code   RO         1580    .ARM.Collect$$libinit$$0000002C  c_w.l(libinit2.o)
    0x08000202   0x08000202   0x00000000   Code   RO         1582    .ARM.Collect$$libinit$$0000002E  c_w.l(libinit2.o)
    0x08000202   0x08000202   0x00000000   Code   RO         1584    .ARM.Collect$$libinit$$00000030  c_w.l(libinit2.o)
    0x08000202   0x08000202   0x00000000   Code   RO         1586    .ARM.Collect$$libinit$$00000032  c_w.l(libinit2.o)
    0x08000202   0x08000202   0x00000002   Code   RO         1587    .ARM.Collect$$libinit$$00000033  c_w.l(libinit2.o)
    0x08000204   0x08000204   0x00000002   Code   RO         1605    .ARM.Collect$$libshutdown$$00000000  c_w.l(libshutdown.o)
    0x08000206   0x08000206   0x00000000   Code   RO         1615    .ARM.Collect$$libshutdown$$00000002  c_w.l(libshutdown2.o)
    0x08000206   0x08000206   0x00000000   Code   RO         1617    .ARM.Collect$$libshutdown$$00000004  c_w.l(libshutdown2.o)
    0x08000206   0x08000206   0x00000000   Code   RO         1620    .ARM.Collect$$libshutdown$$00000007  c_w.l(libshutdown2.o)
    0x08000206   0x08000206   0x00000000   Code   RO         1623    .ARM.Collect$$libshutdown$$0000000A  c_w.l(libshutdown2.o)
    0x08000206   0x08000206   0x00000000   Code   RO         1625    .ARM.Collect$$libshutdown$$0000000C  c_w.l(libshutdown2.o)
    0x08000206   0x08000206   0x00000000   Code   RO         1628    .ARM.Collect$$libshutdown$$0000000F  c_w.l(libshutdown2.o)
    0x08000206   0x08000206   0x00000002   Code   RO         1629    .ARM.Collect$$libshutdown$$00000010  c_w.l(libshutdown2.o)
    0x08000208   0x08000208   0x00000000   Code   RO         1493    .ARM.Collect$$rtentry$$00000000  c_w.l(__rtentry.o)
    0x08000208   0x08000208   0x00000000   Code   RO         1506    .ARM.Collect$$rtentry$$00000002  c_w.l(__rtentry2.o)
    0x08000208   0x08000208   0x00000006   Code   RO         1518    .ARM.Collect$$rtentry$$00000004  c_w.l(__rtentry4.o)
    0x0800020e   0x0800020e   0x00000000   Code   RO         1508    .ARM.Collect$$rtentry$$00000009  c_w.l(__rtentry2.o)
    0x0800020e   0x0800020e   0x00000004   Code   RO         1509    .ARM.Collect$$rtentry$$0000000A  c_w.l(__rtentry2.o)
    0x08000212   0x08000212   0x00000000   Code   RO         1511    .ARM.Collect$$rtentry$$0000000C  c_w.l(__rtentry2.o)
    0x08000212   0x08000212   0x00000008   Code   RO         1512    .ARM.Collect$$rtentry$$0000000D  c_w.l(__rtentry2.o)
    0x0800021a   0x0800021a   0x00000002   Code   RO         1541    .ARM.Collect$$rtexit$$00000000  c_w.l(rtexit.o)
    0x0800021c   0x0800021c   0x00000000   Code   RO         1589    .ARM.Collect$$rtexit$$00000002  c_w.l(rtexit2.o)
    0x0800021c   0x0800021c   0x00000004   Code   RO         1590    .ARM.Collect$$rtexit$$00000003  c_w.l(rtexit2.o)
    0x08000220   0x08000220   0x00000006   Code   RO         1591    .ARM.Collect$$rtexit$$00000004  c_w.l(rtexit2.o)
    0x08000226   0x08000226   0x00000002   PAD
    0x08000228   0x08000228   0x00000764   Code   RO            3    .text               main.o
    0x0800098c   0x0800098c   0x00000016   Code   RO          200    .text               stm32f4xx_it.o
    0x080009a2   0x080009a2   0x00000002   PAD
    0x080009a4   0x080009a4   0x00000210   Code   RO          223    .text               system_stm32f4xx.o
    0x08000bb4   0x08000bb4   0x00000040   Code   RO          250    .text               startup_stm32f40_41xxx.o
    0x08000bf4   0x08000bf4   0x000000e0   Code   RO          256    .text               misc.o
    0x08000cd4   0x08000cd4   0x00000464   Code   RO          302    .text               stm32f4xx_adc.o
    0x08001138   0x08001138   0x00000294   Code   RO          631    .text               stm32f4xx_gpio.o
    0x080013cc   0x080013cc   0x0000065c   Code   RO          794    .text               stm32f4xx_rcc.o
    0x08001a28   0x08001a28   0x00000ca2   Code   RO          939    .text               stm32f4xx_tim.o
    0x080026ca   0x080026ca   0x00000002   PAD
    0x080026cc   0x080026cc   0x00000454   Code   RO          959    .text               stm32f4xx_usart.o
    0x08002b20   0x08002b20   0x00000128   Code   RO          999    .text               delay.o
    0x08002c48   0x08002c48   0x00000154   Code   RO         1039    .text               usart.o
    0x08002d9c   0x08002d9c   0x0000010c   Code   RO         1079    .text               height.o
    0x08002ea8   0x08002ea8   0x00000040   Code   RO         1099    .text               led.o
    0x08002ee8   0x08002ee8   0x00000168   Code   RO         1119    .text               adc.o
    0x08003050   0x08003050   0x000001bc   Code   RO         1139    .text               rs485.o
    0x0800320c   0x0800320c   0x00000530   Code   RO         1166    .text               motor2.o
    0x0800373c   0x0800373c   0x00000518   Code   RO         1209    .text               motor1.o
    0x08003c54   0x08003c54   0x00000890   Code   RO         1236    .text               os_core.o
    0x080044e4   0x080044e4   0x0000080c   Code   RO         1264    .text               os_flag.o
    0x08004cf0   0x08004cf0   0x000003cc   Code   RO         1284    .text               os_mbox.o
    0x080050bc   0x080050bc   0x000005e8   Code   RO         1338    .text               os_q.o
    0x080056a4   0x080056a4   0x0000038c   Code   RO         1372    .text               os_sem.o
    0x08005a30   0x08005a30   0x000007c4   Code   RO         1392    .text               os_task.o
    0x080061f4   0x080061f4   0x000001b0   Code   RO         1412    .text               os_time.o
    0x080063a4   0x080063a4   0x000001c4   Code   RO         1432    .text               os_cpu_c.o
    0x08006568   0x08006568   0x000000c8   Code   RO         1460    .text               os_cpu_a.o
    0x08006630   0x08006630   0x00000002   Code   RO         1465    .text               c_w.l(use_no_semi_2.o)
    0x08006632   0x08006632   0x00000002   PAD
    0x08006634   0x08006634   0x00000018   Code   RO         1469    .text               c_w.l(noretval__2printf.o)
    0x0800664c   0x0800664c   0x00000006   Code   RO         1471    .text               c_w.l(heapauxi.o)
    0x08006652   0x08006652   0x00000002   Code   RO         1491    .text               c_w.l(use_no_semi.o)
    0x08006654   0x08006654   0x00000024   Code   RO         1494    .text               c_w.l(_printf_char_file.o)
    0x08006678   0x08006678   0x00000030   Code   RO         1520    .text               c_w.l(_printf_char_common.o)
    0x080066a8   0x080066a8   0x00000008   Code   RO         1522    .text               c_w.l(ferror.o)
    0x080066b0   0x080066b0   0x0000004a   Code   RO         1526    .text               c_w.l(sys_stackheap_outer.o)
    0x080066fa   0x080066fa   0x00000028   Code   RO         1528    .text               c_w.l(__printf_nopercent.o)
    0x08006722   0x08006722   0x00000012   Code   RO         1530    .text               c_w.l(exit.o)
    0x08006734   0x08006734   0x00000008   Code   RO         1538    .text               c_w.l(libspace.o)
    0x0800673c   0x0800673c   0x00000062   Code   RO         1475    x$fpl$d2f           fz_wm.l(d2f.o)
    0x0800679e   0x0800679e   0x00000002   PAD
    0x080067a0   0x080067a0   0x0000005e   Code   RO         1477    x$fpl$dfix          fz_wm.l(dfix.o)
    0x080067fe   0x080067fe   0x0000002e   Code   RO         1482    x$fpl$dflt          fz_wm.l(dflt_clz.o)
    0x0800682c   0x0800682c   0x00000026   Code   RO         1481    x$fpl$dfltu         fz_wm.l(dflt_clz.o)
    0x08006852   0x08006852   0x00000002   PAD
    0x08006854   0x08006854   0x00000154   Code   RO         1487    x$fpl$dmul          fz_wm.l(dmul.o)
    0x080069a8   0x080069a8   0x0000009c   Code   RO         1496    x$fpl$dnaninf       fz_wm.l(dnaninf.o)
    0x08006a44   0x08006a44   0x0000000c   Code   RO         1498    x$fpl$dretinf       fz_wm.l(dretinf.o)
    0x08006a50   0x08006a50   0x00000056   Code   RO         1489    x$fpl$f2d           fz_wm.l(f2d.o)
    0x08006aa6   0x08006aa6   0x0000008c   Code   RO         1500    x$fpl$fnaninf       fz_wm.l(fnaninf.o)
    0x08006b32   0x08006b32   0x0000000a   Code   RO         1597    x$fpl$fpinit        fz_wm.l(fpinit.o)
    0x08006b3c   0x08006b3c   0x0000000a   Code   RO         1502    x$fpl$fretinf       fz_wm.l(fretinf.o)
    0x08006b46   0x08006b46   0x00000000   Code   RO         1504    x$fpl$usenofp       fz_wm.l(usenofp.o)
    0x08006b46   0x08006b46   0x00000100   Data   RO         1238    .constdata          os_core.o
    0x08006c46   0x08006c46   0x00000002   PAD
    0x08006c48   0x08006c48   0x0000008f   Data   RO         1168    .conststring        motor2.o
    0x08006cd7   0x08006cd7   0x00000001   PAD
    0x08006cd8   0x08006cd8   0x00000020   Data   RO         1661    Region$$Table       anon$$obj.o


    Execution Region RW_IRAM2 (Exec base: 0x10000000, Load base: 0x08006e0c, Size: 0x00000000, Max: 0x00010000, ABSOLUTE)

    **** No section assigned to this execution region ****


    Execution Region RW_IRAM1 (Exec base: 0x20000000, Load base: 0x08006cf8, Size: 0x00002648, Max: 0x00020000, ABSOLUTE)

    Exec Addr    Load Addr    Size         Type   Attr      Idx    E Section Name        Object

    0x20000000   0x08006cf8   0x00000058   Data   RW            5    .data               main.o
    0x20000058   0x08006d50   0x00000014   Data   RW          224    .data               system_stm32f4xx.o
    0x2000006c   0x08006d64   0x00000010   Data   RW          795    .data               stm32f4xx_rcc.o
    0x2000007c   0x08006d74   0x00000004   Data   RW         1000    .data               delay.o
    0x20000080   0x08006d78   0x00000006   Data   RW         1041    .data               usart.o
    0x20000086   0x08006d7e   0x00000001   Data   RW         1141    .data               rs485.o
    0x20000087   0x08006d7f   0x00000001   PAD
    0x20000088   0x08006d80   0x0000002c   Data   RW         1169    .data               motor2.o
    0x200000b4   0x08006dac   0x00000018   Data   RW         1211    .data               motor1.o
    0x200000cc   0x08006dc4   0x00000048   Data   RW         1239    .data               os_core.o
    0x20000114        -       0x00001310   Zero   RW            4    .bss                main.o
    0x20001424        -       0x000000c8   Zero   RW         1040    .bss                usart.o
    0x200014ec        -       0x00000040   Zero   RW         1140    .bss                rs485.o
    0x2000152c        -       0x0000001c   Zero   RW         1167    .bss                motor2.o
    0x20001548        -       0x0000001c   Zero   RW         1210    .bss                motor1.o
    0x20001564        -       0x00000a80   Zero   RW         1237    .bss                os_core.o
    0x20001fe4        -       0x00000060   Zero   RW         1539    .bss                c_w.l(libspace.o)
    0x20002044   0x08006e0c   0x00000004   PAD
    0x20002048        -       0x00000200   Zero   RW          248    HEAP                startup_stm32f40_41xxx.o
    0x20002248        -       0x00000400   Zero   RW          247    STACK               startup_stm32f40_41xxx.o


==============================================================================

Image component sizes


      Code (inc. data)   RO Data    RW Data    ZI Data      Debug   Object Name

       360         14          0          0          0       1699   adc.o
       296         18          0          4          0       1825   delay.o
       268         14          0          0          0       1328   height.o
        64          4          0          0          0        515   led.o
      1892        202          0         88       4880     295493   main.o
       224         20          0          0          0     244741   misc.o
      1304         66          0         24         28       3755   motor1.o
      1328         76        143         44         28       3959   motor2.o
      2192        218        256         72       2688      15219   os_core.o
       200         32          0          0          0        312   os_cpu_a.o
       452          6          0          0          0      10582   os_cpu_c.o
      2060         42          0          0          0       7200   os_flag.o
       972         16          0          0          0       4302   os_mbox.o
      1512         30          0          0          0       5765   os_q.o
       908         18          0          0          0       4038   os_sem.o
      1988         70          0          0          0       7877   os_task.o
       432         30          0          0          0       1870   os_time.o
       444         24          0          1         64       2182   rs485.o
        64         26        392          0       1536        820   startup_stm32f40_41xxx.o
      1124         24          0          0          0      10666   stm32f4xx_adc.o
       660         44          0          0          0       4137   stm32f4xx_gpio.o
        22          0          0          0          0       1023   stm32f4xx_it.o
      1628         52          0         16          0      13004   stm32f4xx_rcc.o
      3234         60          0          0          0      22992   stm32f4xx_tim.o
      1108         34          0          0          0       7860   stm32f4xx_usart.o
       528         46          0         20          0       1747   system_stm32f4xx.o
       340         18          0          6        200       3330   usart.o

    ----------------------------------------------------------------------
     25608       1204        826        276       9424     678241   Object Totals
         0          0         32          0          0          0   (incl. Generated)
         4          0          3          1          0          0   (incl. Padding)

    ----------------------------------------------------------------------

      Code (inc. data)   RO Data    RW Data    ZI Data      Debug   Library Member Name

         8          0          0          0          0         68   __main.o
        40          0          0          0          0         84   __printf_nopercent.o
         0          0          0          0          0          0   __rtentry.o
        12          0          0          0          0          0   __rtentry2.o
         6          0          0          0          0          0   __rtentry4.o
        52          8          0          0          0          0   __scatter.o
        26          0          0          0          0          0   __scatter_copy.o
        28          0          0          0          0          0   __scatter_zi.o
        48          6          0          0          0         96   _printf_char_common.o
        36          4          0          0          0         80   _printf_char_file.o
        18          0          0          0          0         80   exit.o
         8          0          0          0          0         68   ferror.o
         6          0          0          0          0        152   heapauxi.o
         2          0          0          0          0          0   libinit.o
         6          0          0          0          0          0   libinit2.o
         2          0          0          0          0          0   libshutdown.o
         2          0          0          0          0          0   libshutdown2.o
         8          4          0          0         96         68   libspace.o
        24          4          0          0          0         84   noretval__2printf.o
         2          0          0          0          0          0   rtexit.o
        10          0          0          0          0          0   rtexit2.o
        74          0          0          0          0         80   sys_stackheap_outer.o
         2          0          0          0          0         68   use_no_semi.o
         2          0          0          0          0         68   use_no_semi_2.o
        98          4          0          0          0        140   d2f.o
        94          4          0          0          0        140   dfix.o
        84          0          0          0          0        232   dflt_clz.o
       340         12          0          0          0        152   dmul.o
       156          4          0          0          0        140   dnaninf.o
        12          0          0          0          0        116   dretinf.o
        86          4          0          0          0        132   f2d.o
       140          4          0          0          0        132   fnaninf.o
        10          0          0          0          0        116   fpinit.o
        10          0          0          0          0        116   fretinf.o
         0          0          0          0          0          0   usenofp.o

    ----------------------------------------------------------------------
      1462         58          0          0        100       2412   Library Totals
        10          0          0          0          4          0   (incl. Padding)

    ----------------------------------------------------------------------

      Code (inc. data)   RO Data    RW Data    ZI Data      Debug   Library Name

       422         26          0          0         96        996   c_w.l
      1030         32          0          0          0       1416   fz_wm.l

    ----------------------------------------------------------------------
      1462         58          0          0        100       2412   Library Totals

    ----------------------------------------------------------------------

==============================================================================


      Code (inc. data)   RO Data    RW Data    ZI Data      Debug   

     27070       1262        826        276       9524     674037   Grand Totals
     27070       1262        826        276       9524     674037   ELF Image Totals
     27070       1262        826        276          0          0   ROM Totals

==============================================================================

    Total RO  Size (Code + RO Data)                27896 (  27.24kB)
    Total RW  Size (RW Data + ZI Data)              9800 (   9.57kB)
    Total ROM Size (Code + RO Data + RW Data)      28172 (  27.51kB)

==============================================================================

